Archive member included to satisfy reference by file (symbol)

/opt/toolchains/gcc-arm-none-eabi-7-2017-q4-major/bin/../lib/gcc/arm-none-eabi/7.2.1/../../../../arm-none-eabi/lib/thumb/v7-m/libc_nano.a(lib_a-exit.o)
                              /opt/toolchains/gcc-arm-none-eabi-7-2017-q4-major/bin/../lib/gcc/arm-none-eabi/7.2.1/../../../../arm-none-eabi/lib/thumb/v7-m/crt0.o (exit)
/opt/toolchains/gcc-arm-none-eabi-7-2017-q4-major/bin/../lib/gcc/arm-none-eabi/7.2.1/../../../../arm-none-eabi/lib/thumb/v7-m/libc_nano.a(lib_a-impure.o)
                              /opt/toolchains/gcc-arm-none-eabi-7-2017-q4-major/bin/../lib/gcc/arm-none-eabi/7.2.1/../../../../arm-none-eabi/lib/thumb/v7-m/libc_nano.a(lib_a-exit.o) (_global_impure_ptr)
/opt/toolchains/gcc-arm-none-eabi-7-2017-q4-major/bin/../lib/gcc/arm-none-eabi/7.2.1/../../../../arm-none-eabi/lib/thumb/v7-m/libc_nano.a(lib_a-init.o)
                              /opt/toolchains/gcc-arm-none-eabi-7-2017-q4-major/bin/../lib/gcc/arm-none-eabi/7.2.1/../../../../arm-none-eabi/lib/thumb/v7-m/crt0.o (__libc_init_array)
/opt/toolchains/gcc-arm-none-eabi-7-2017-q4-major/bin/../lib/gcc/arm-none-eabi/7.2.1/../../../../arm-none-eabi/lib/thumb/v7-m/libc_nano.a(lib_a-memset.o)
                              /opt/toolchains/gcc-arm-none-eabi-7-2017-q4-major/bin/../lib/gcc/arm-none-eabi/7.2.1/../../../../arm-none-eabi/lib/thumb/v7-m/crt0.o (memset)
/opt/toolchains/gcc-arm-none-eabi-7-2017-q4-major/bin/../lib/gcc/arm-none-eabi/7.2.1/../../../../arm-none-eabi/lib/thumb/v7-m/libg_nano.a(lib_a-errno.o)
                              CMakeFiles/linux-stm32-spi-i2c.elf.dir/syscalls.c.obj (__errno)
/opt/toolchains/gcc-arm-none-eabi-7-2017-q4-major/bin/../lib/gcc/arm-none-eabi/7.2.1/../../../../arm-none-eabi/lib/thumb/v7-m/libg_nano.a(lib_a-malloc.o)
                              CMakeFiles/linux-stm32-spi-i2c.elf.dir/dev_uart.c.obj (malloc)
/opt/toolchains/gcc-arm-none-eabi-7-2017-q4-major/bin/../lib/gcc/arm-none-eabi/7.2.1/../../../../arm-none-eabi/lib/thumb/v7-m/libg_nano.a(lib_a-nano-freer.o)
                              /opt/toolchains/gcc-arm-none-eabi-7-2017-q4-major/bin/../lib/gcc/arm-none-eabi/7.2.1/../../../../arm-none-eabi/lib/thumb/v7-m/libg_nano.a(lib_a-malloc.o) (_free_r)
/opt/toolchains/gcc-arm-none-eabi-7-2017-q4-major/bin/../lib/gcc/arm-none-eabi/7.2.1/../../../../arm-none-eabi/lib/thumb/v7-m/libg_nano.a(lib_a-nano-mallocr.o)
                              /opt/toolchains/gcc-arm-none-eabi-7-2017-q4-major/bin/../lib/gcc/arm-none-eabi/7.2.1/../../../../arm-none-eabi/lib/thumb/v7-m/libg_nano.a(lib_a-malloc.o) (_malloc_r)
/opt/toolchains/gcc-arm-none-eabi-7-2017-q4-major/bin/../lib/gcc/arm-none-eabi/7.2.1/../../../../arm-none-eabi/lib/thumb/v7-m/libg_nano.a(lib_a-printf.o)
                              CMakeFiles/linux-stm32-spi-i2c.elf.dir/main.c.obj (printf)
/opt/toolchains/gcc-arm-none-eabi-7-2017-q4-major/bin/../lib/gcc/arm-none-eabi/7.2.1/../../../../arm-none-eabi/lib/thumb/v7-m/libg_nano.a(lib_a-puts.o)
                              CMakeFiles/linux-stm32-spi-i2c.elf.dir/main.c.obj (puts)
/opt/toolchains/gcc-arm-none-eabi-7-2017-q4-major/bin/../lib/gcc/arm-none-eabi/7.2.1/../../../../arm-none-eabi/lib/thumb/v7-m/libg_nano.a(lib_a-sbrkr.o)
                              /opt/toolchains/gcc-arm-none-eabi-7-2017-q4-major/bin/../lib/gcc/arm-none-eabi/7.2.1/../../../../arm-none-eabi/lib/thumb/v7-m/libg_nano.a(lib_a-nano-mallocr.o) (_sbrk_r)
/opt/toolchains/gcc-arm-none-eabi-7-2017-q4-major/bin/../lib/gcc/arm-none-eabi/7.2.1/../../../../arm-none-eabi/lib/thumb/v7-m/libg_nano.a(lib_a-wbuf.o)
                              /opt/toolchains/gcc-arm-none-eabi-7-2017-q4-major/bin/../lib/gcc/arm-none-eabi/7.2.1/../../../../arm-none-eabi/lib/thumb/v7-m/libg_nano.a(lib_a-puts.o) (__swbuf_r)
/opt/toolchains/gcc-arm-none-eabi-7-2017-q4-major/bin/../lib/gcc/arm-none-eabi/7.2.1/../../../../arm-none-eabi/lib/thumb/v7-m/libg_nano.a(lib_a-wsetup.o)
                              /opt/toolchains/gcc-arm-none-eabi-7-2017-q4-major/bin/../lib/gcc/arm-none-eabi/7.2.1/../../../../arm-none-eabi/lib/thumb/v7-m/libg_nano.a(lib_a-puts.o) (__swsetup_r)
/opt/toolchains/gcc-arm-none-eabi-7-2017-q4-major/bin/../lib/gcc/arm-none-eabi/7.2.1/../../../../arm-none-eabi/lib/thumb/v7-m/libg_nano.a(lib_a-fflush.o)
                              /opt/toolchains/gcc-arm-none-eabi-7-2017-q4-major/bin/../lib/gcc/arm-none-eabi/7.2.1/../../../../arm-none-eabi/lib/thumb/v7-m/libg_nano.a(lib_a-wbuf.o) (_fflush_r)
/opt/toolchains/gcc-arm-none-eabi-7-2017-q4-major/bin/../lib/gcc/arm-none-eabi/7.2.1/../../../../arm-none-eabi/lib/thumb/v7-m/libg_nano.a(lib_a-findfp.o)
                              /opt/toolchains/gcc-arm-none-eabi-7-2017-q4-major/bin/../lib/gcc/arm-none-eabi/7.2.1/../../../../arm-none-eabi/lib/thumb/v7-m/libg_nano.a(lib_a-printf.o) (__sinit)
/opt/toolchains/gcc-arm-none-eabi-7-2017-q4-major/bin/../lib/gcc/arm-none-eabi/7.2.1/../../../../arm-none-eabi/lib/thumb/v7-m/libg_nano.a(lib_a-fwalk.o)
[...]
Memory Configuration

Name             Origin             Length             Attributes
RAM              0x0000000020000000 0x0000000000005000 xrw
ROM              0x0000000008000000 0x0000000000010000 xr
*default*        0x0000000000000000 0xffffffffffffffff

Linker script and memory map

LOAD /opt/toolchains/gcc-arm-none-eabi-7-2017-q4-major/bin/../lib/gcc/arm-none-eabi/7.2.1/thumb/v7-m/crti.o
LOAD /opt/toolchains/gcc-arm-none-eabi-7-2017-q4-major/bin/../lib/gcc/arm-none-eabi/7.2.1/thumb/v7-m/crtbegin.o
LOAD /opt/toolchains/gcc-arm-none-eabi-7-2017-q4-major/bin/../lib/gcc/arm-none-eabi/7.2.1/../../../../arm-none-eabi/lib/thumb/v7-m/crt0.o
LOAD /opt/toolchains/gcc-arm-none-eabi-7-2017-q4-major/bin/../lib/gcc/arm-none-eabi/7.2.1/../../../../arm-none-eabi/lib/thumb/v7-m/libm.a
LOAD /opt/toolchains/gcc-arm-none-eabi-7-2017-q4-major/bin/../lib/gcc/arm-none-eabi/7.2.1/../../../../arm-none-eabi/lib/thumb/v7-m/libc_nano.a
LOAD CMakeFiles/linux-stm32-spi-i2c.elf.dir/libs/startup/startup_stm32f10x_md.s.obj
LOAD CMakeFiles/linux-stm32-spi-i2c.elf.dir/libs/StdPeriph_Driver/src/misc.c.obj
LOAD CMakeFiles/linux-stm32-spi-i2c.elf.dir/libs/StdPeriph_Driver/src/stm32f10x_exti.c.obj
LOAD CMakeFiles/linux-stm32-spi-i2c.elf.dir/libs/StdPeriph_Driver/src/stm32f10x_flash.c.obj
LOAD CMakeFiles/linux-stm32-spi-i2c.elf.dir/libs/StdPeriph_Driver/src/stm32f10x_rcc.c.obj
LOAD CMakeFiles/linux-stm32-spi-i2c.elf.dir/libs/StdPeriph_Driver/src/stm32f10x_gpio.c.obj
LOAD CMakeFiles/linux-stm32-spi-i2c.elf.dir/libs/StdPeriph_Driver/src/stm32f10x_spi.c.obj
LOAD CMakeFiles/linux-stm32-spi-i2c.elf.dir/libs/StdPeriph_Driver/src/stm32f10x_dma.c.obj
LOAD CMakeFiles/linux-stm32-spi-i2c.elf.dir/libs/StdPeriph_Driver/src/stm32f10x_usart.c.obj
LOAD CMakeFiles/linux-stm32-spi-i2c.elf.dir/libs/StdPeriph_Driver/src/stm32f10x_i2c.c.obj
LOAD CMakeFiles/linux-stm32-spi-i2c.elf.dir/syscalls.c.obj
LOAD CMakeFiles/linux-stm32-spi-i2c.elf.dir/main.c.obj
LOAD CMakeFiles/linux-stm32-spi-i2c.elf.dir/cortexm_delay.c.obj
LOAD CMakeFiles/linux-stm32-spi-i2c.elf.dir/dev_spi.c.obj
LOAD CMakeFiles/linux-stm32-spi-i2c.elf.dir/dev_uart.c.obj
LOAD CMakeFiles/linux-stm32-spi-i2c.elf.dir/overclock_stm32f103.c.obj
LOAD CMakeFiles/linux-stm32-spi-i2c.elf.dir/stm32f10x_it.c.obj
LOAD CMakeFiles/linux-stm32-spi-i2c.elf.dir/system_stm32f10x.c.obj
START GROUP
LOAD /opt/toolchains/gcc-arm-none-eabi-7-2017-q4-major/bin/../lib/gcc/arm-none-eabi/7.2.1/thumb/v7-m/libgcc.a
LOAD /opt/toolchains/gcc-arm-none-eabi-7-2017-q4-major/bin/../lib/gcc/arm-none-eabi/7.2.1/../../../../arm-none-eabi/lib/thumb/v7-m/libg_nano.a
LOAD /opt/toolchains/gcc-arm-none-eabi-7-2017-q4-major/bin/../lib/gcc/arm-none-eabi/7.2.1/../../../../arm-none-eabi/lib/thumb/v7-m/libc_nano.a
END GROUP
START GROUP
LOAD /opt/toolchains/gcc-arm-none-eabi-7-2017-q4-major/bin/../lib/gcc/arm-none-eabi/7.2.1/thumb/v7-m/libgcc.a
LOAD /opt/toolchains/gcc-arm-none-eabi-7-2017-q4-major/bin/../lib/gcc/arm-none-eabi/7.2.1/../../../../arm-none-eabi/lib/thumb/v7-m/libc_nano.a
END GROUP
LOAD /opt/toolchains/gcc-arm-none-eabi-7-2017-q4-major/bin/../lib/gcc/arm-none-eabi/7.2.1/thumb/v7-m/crtend.o
LOAD /opt/toolchains/gcc-arm-none-eabi-7-2017-q4-major/bin/../lib/gcc/arm-none-eabi/7.2.1/thumb/v7-m/crtn.o
                0x0000000020005000                _estack = 0x20005000
                0x0000000000000000                _Min_Heap_Size = 0x0
                0x0000000000000400                _Min_Stack_Size = 0x400

.isr_vector     0x0000000008000000      0x10c
                0x0000000008000000                . = ALIGN (0x4)
 *(.isr_vector)
 .isr_vector    0x0000000008000000      0x10c CMakeFiles/linux-stm32-spi-i2c.elf.dir/libs/startup/startup_stm32f10x_md.s.obj
                0x0000000008000000                g_pfnVectors
                0x000000000800010c                . = ALIGN (0x4)

.text           0x000000000800010c     0x1ba8
                0x000000000800010c                . = ALIGN (0x4)
 *(.text)
 .text          0x000000000800010c       0x40 /opt/toolchains/gcc-arm-none-eabi-7-2017-q4-major/bin/../lib/gcc/arm-none-eabi/7.2.1/thumb/v7-m/crtbegin.o
 *(.text*)
 .text.__libc_init_array
                0x000000000800014c       0x48 /opt/toolchains/gcc-arm-none-eabi-7-2017-q4-major/bin/../lib/gcc/arm-none-eabi/7.2.1/../../../../arm-none-eabi/lib/thumb/v7-m/libc_nano.a(lib_a-init.o)
                0x000000000800014c                __libc_init_array
 .text.memset   0x0000000008000194       0x10 /opt/toolchains/gcc-arm-none-eabi-7-2017-q4-major/bin/../lib/gcc/arm-none-eabi/7.2.1/../../../../arm-none-eabi/lib/thumb/v7-m/libc_nano.a(lib_a-memset.o)
                0x0000000008000194                memset
 .text.Reset_Handler
                0x00000000080001a4       0x48 CMakeFiles/linux-stm32-spi-i2c.elf.dir/libs/startup/startup_stm32f10x_md.s.obj
                0x00000000080001a4                Reset_Handler
 .text.Default_Handler
                0x00000000080001ec        0x2 CMakeFiles/linux-stm32-spi-i2c.elf.dir/libs/startup/startup_stm32f10x_md.s.obj
                0x00000000080001ec                EXTI2_IRQHandler
                0x00000000080001ec                TIM1_CC_IRQHandler
                0x00000000080001ec                PVD_IRQHandler
                0x00000000080001ec                EXTI3_IRQHandler
                0x00000000080001ec                EXTI0_IRQHandler
                0x00000000080001ec                I2C2_EV_IRQHandler
                0x00000000080001ec                ADC1_2_IRQHandler
                0x00000000080001ec                SPI1_IRQHandler
                0x00000000080001ec                TAMPER_IRQHandler
                0x00000000080001ec                USART3_IRQHandler
                0x00000000080001ec                RTC_IRQHandler
                0x00000000080001ec                DMA1_Channel7_IRQHandler
                0x00000000080001ec                CAN1_RX1_IRQHandler
                0x00000000080001ec                TIM4_IRQHandler
                0x00000000080001ec                I2C1_EV_IRQHandler
                0x00000000080001ec                DMA1_Channel6_IRQHandler
                0x00000000080001ec                TIM3_IRQHandler
                0x00000000080001ec                RCC_IRQHandler
                0x00000000080001ec                TIM1_TRG_COM_IRQHandler
                0x00000000080001ec                DMA1_Channel1_IRQHandler
                0x00000000080001ec                Default_Handler
                0x00000000080001ec                EXTI15_10_IRQHandler
                0x00000000080001ec                SPI2_IRQHandler
                0x00000000080001ec                EXTI4_IRQHandler
                0x00000000080001ec                USB_LP_CAN1_RX0_IRQHandler
                0x00000000080001ec                USB_HP_CAN1_TX_IRQHandler
                0x00000000080001ec                TIM1_UP_IRQHandler
                0x00000000080001ec                WWDG_IRQHandler
                0x00000000080001ec                TIM2_IRQHandler
                0x00000000080001ec                TIM1_BRK_IRQHandler
                0x00000000080001ec                EXTI1_IRQHandler
                0x00000000080001ec                RTCAlarm_IRQHandler
                0x00000000080001ec                I2C2_ER_IRQHandler
                0x00000000080001ec                CAN1_SCE_IRQHandler
                0x00000000080001ec                FLASH_IRQHandler
                0x00000000080001ec                I2C1_ER_IRQHandler
                0x00000000080001ec                USBWakeUp_IRQHandler
 *fill*         0x00000000080001ee        0x2 
 .text.NVIC_PriorityGroupConfig
                0x00000000080001f0       0x14 CMakeFiles/linux-stm32-spi-i2c.elf.dir/libs/StdPeriph_Driver/src/misc.c.obj
                0x00000000080001f0                NVIC_PriorityGroupConfig
 .text.NVIC_Init
                0x0000000008000204       0x58 CMakeFiles/linux-stm32-spi-i2c.elf.dir/libs/StdPeriph_Driver/src/misc.c.obj
                0x0000000008000204                NVIC_Init
 .text.EXTI_GetITStatus
                0x000000000800025c       0x1c CMakeFiles/linux-stm32-spi-i2c.elf.dir/libs/StdPeriph_Driver/src/stm32f10x_exti.c.obj
                0x000000000800025c                EXTI_GetITStatus
 .text.EXTI_ClearITPendingBit
                0x0000000008000278        0xc CMakeFiles/linux-stm32-spi-i2c.elf.dir/libs/StdPeriph_Driver/src/stm32f10x_exti.c.obj
                0x0000000008000278                EXTI_ClearITPendingBit
 .text.FLASH_SetLatency
                0x0000000008000284       0x14 CMakeFiles/linux-stm32-spi-i2c.elf.dir/libs/StdPeriph_Driver/src/stm32f10x_flash.c.obj
                0x0000000008000284                FLASH_SetLatency
 .text.FLASH_PrefetchBufferCmd
                0x0000000008000298       0x18 CMakeFiles/linux-stm32-spi-i2c.elf.dir/libs/StdPeriph_Driver/src/stm32f10x_flash.c.obj
                0x0000000008000298                FLASH_PrefetchBufferCmd
 .text.RCC_DeInit
                0x00000000080002b0       0x40 CMakeFiles/linux-stm32-spi-i2c.elf.dir/libs/StdPeriph_Driver/src/stm32f10x_rcc.c.obj
                0x00000000080002b0                RCC_DeInit
 .text.RCC_HSEConfig
                0x00000000080002f0       0x38 CMakeFiles/linux-stm32-spi-i2c.elf.dir/libs/StdPeriph_Driver/src/stm32f10x_rcc.c.obj
                0x00000000080002f0                RCC_HSEConfig
 .text.RCC_WaitForHSEStartUp
                0x0000000008000328       0x30 CMakeFiles/linux-stm32-spi-i2c.elf.dir/libs/StdPeriph_Driver/src/stm32f10x_rcc.c.obj
                0x0000000008000328                RCC_WaitForHSEStartUp
 .text.RCC_PLLConfig
                0x0000000008000358       0x14 CMakeFiles/linux-stm32-spi-i2c.elf.dir/libs/StdPeriph_Driver/src/stm32f10x_rcc.c.obj
                0x0000000008000358                RCC_PLLConfig
 .text.RCC_PLLCmd
                0x000000000800036c        0xc CMakeFiles/linux-stm32-spi-i2c.elf.dir/libs/StdPeriph_Driver/src/stm32f10x_rcc.c.obj
                0x000000000800036c                RCC_PLLCmd
 .text.RCC_SYSCLKConfig
                0x0000000008000378       0x14 CMakeFiles/linux-stm32-spi-i2c.elf.dir/libs/StdPeriph_Driver/src/stm32f10x_rcc.c.obj
                0x0000000008000378                RCC_SYSCLKConfig
 .text.RCC_GetSYSCLKSource
                0x000000000800038c       0x10 CMakeFiles/linux-stm32-spi-i2c.elf.dir/libs/StdPeriph_Driver/src/stm32f10x_rcc.c.obj
                0x000000000800038c                RCC_GetSYSCLKSource
 .text.RCC_HCLKConfig
                0x000000000800039c       0x14 CMakeFiles/linux-stm32-spi-i2c.elf.dir/libs/StdPeriph_Driver/src/stm32f10x_rcc.c.obj
                0x000000000800039c                RCC_HCLKConfig
 .text.RCC_PCLK1Config
                0x00000000080003b0       0x14 CMakeFiles/linux-stm32-spi-i2c.elf.dir/libs/StdPeriph_Driver/src/stm32f10x_rcc.c.obj
                0x00000000080003b0                RCC_PCLK1Config
 .text.RCC_PCLK2Config
                0x00000000080003c4       0x14 CMakeFiles/linux-stm32-spi-i2c.elf.dir/libs/StdPeriph_Driver/src/stm32f10x_rcc.c.obj
                0x00000000080003c4                RCC_PCLK2Config
 .text.RCC_GetClocksFreq
                0x00000000080003d8       0x8c CMakeFiles/linux-stm32-spi-i2c.elf.dir/libs/StdPeriph_Driver/src/stm32f10x_rcc.c.obj
                0x00000000080003d8                RCC_GetClocksFreq
 .text.RCC_APB2PeriphClockCmd
                0x0000000008000464       0x18 CMakeFiles/linux-stm32-spi-i2c.elf.dir/libs/StdPeriph_Driver/src/stm32f10x_rcc.c.obj
                0x0000000008000464                RCC_APB2PeriphClockCmd
 .text.RCC_APB1PeriphClockCmd
                0x000000000800047c       0x18 CMakeFiles/linux-stm32-spi-i2c.elf.dir/libs/StdPeriph_Driver/src/stm32f10x_rcc.c.obj
                0x000000000800047c                RCC_APB1PeriphClockCmd
 .text.RCC_GetFlagStatus
                0x0000000008000494       0x34 CMakeFiles/linux-stm32-spi-i2c.elf.dir/libs/StdPeriph_Driver/src/stm32f10x_rcc.c.obj
                0x0000000008000494                RCC_GetFlagStatus
 .text.GPIO_Init
                0x00000000080004c8       0xbc CMakeFiles/linux-stm32-spi-i2c.elf.dir/libs/StdPeriph_Driver/src/stm32f10x_gpio.c.obj
                0x00000000080004c8                GPIO_Init
 .text.DMA_Cmd  0x0000000008000584       0x18 CMakeFiles/linux-stm32-spi-i2c.elf.dir/libs/StdPeriph_Driver/src/stm32f10x_dma.c.obj
                0x0000000008000584                DMA_Cmd
 .text.DMA_GetFlagStatus
                0x000000000800059c       0x1c CMakeFiles/linux-stm32-spi-i2c.elf.dir/libs/StdPeriph_Driver/src/stm32f10x_dma.c.obj
                0x000000000800059c                DMA_GetFlagStatus
 .text.DMA_ClearFlag
                0x00000000080005b8       0x14 CMakeFiles/linux-stm32-spi-i2c.elf.dir/libs/StdPeriph_Driver/src/stm32f10x_dma.c.obj
                0x00000000080005b8                DMA_ClearFlag
 .text.DMA_GetITStatus
                0x00000000080005cc        0x4 CMakeFiles/linux-stm32-spi-i2c.elf.dir/libs/StdPeriph_Driver/src/stm32f10x_dma.c.obj
                0x00000000080005cc                DMA_GetITStatus
 .text.DMA_ClearITPendingBit
                0x00000000080005d0        0x4 CMakeFiles/linux-stm32-spi-i2c.elf.dir/libs/StdPeriph_Driver/src/stm32f10x_dma.c.obj
                0x00000000080005d0                DMA_ClearITPendingBit
 .text.USART_Init
                0x00000000080005d4       0xb4 CMakeFiles/linux-stm32-spi-i2c.elf.dir/libs/StdPeriph_Driver/src/stm32f10x_usart.c.obj
                0x00000000080005d4                USART_Init
 .text.USART_Cmd
                0x0000000008000688       0x18 CMakeFiles/linux-stm32-spi-i2c.elf.dir/libs/StdPeriph_Driver/src/stm32f10x_usart.c.obj
                0x0000000008000688                USART_Cmd
 .text.USART_ITConfig
                0x00000000080006a0       0x38 CMakeFiles/linux-stm32-spi-i2c.elf.dir/libs/StdPeriph_Driver/src/stm32f10x_usart.c.obj
                0x00000000080006a0                USART_ITConfig
 .text.USART_GetITStatus
                0x00000000080006d8       0x44 CMakeFiles/linux-stm32-spi-i2c.elf.dir/libs/StdPeriph_Driver/src/stm32f10x_usart.c.obj
                0x00000000080006d8                USART_GetITStatus
 .text._read    0x000000000800071c       0x1c CMakeFiles/linux-stm32-spi-i2c.elf.dir/syscalls.c.obj
                0x000000000800071c                _read
 .text._write   0x0000000008000738       0x1c CMakeFiles/linux-stm32-spi-i2c.elf.dir/syscalls.c.obj
                0x0000000008000738                _write
 .text._sbrk    0x0000000008000754       0x3c CMakeFiles/linux-stm32-spi-i2c.elf.dir/syscalls.c.obj
                0x0000000008000754                _sbrk
 .text._close   0x0000000008000790        0x8 CMakeFiles/linux-stm32-spi-i2c.elf.dir/syscalls.c.obj
                0x0000000008000790                _close
 .text._fstat   0x0000000008000798        0xc CMakeFiles/linux-stm32-spi-i2c.elf.dir/syscalls.c.obj
                0x0000000008000798                _fstat
 .text._isatty  0x00000000080007a4        0x4 CMakeFiles/linux-stm32-spi-i2c.elf.dir/syscalls.c.obj
                0x00000000080007a4                _isatty
 .text._lseek   0x00000000080007a8        0x4 CMakeFiles/linux-stm32-spi-i2c.elf.dir/syscalls.c.obj
                0x00000000080007a8                _lseek
 .text.dbg_uart_parser
                0x00000000080007ac       0x20 CMakeFiles/linux-stm32-spi-i2c.elf.dir/main.c.obj
                0x00000000080007ac                dbg_uart_parser
 .text.startup.main
                0x00000000080007cc       0x8c CMakeFiles/linux-stm32-spi-i2c.elf.dir/main.c.obj
                0x00000000080007cc                main
 .text.delay_init
                0x0000000008000858       0x30 CMakeFiles/linux-stm32-spi-i2c.elf.dir/cortexm_delay.c.obj
                0x0000000008000858                delay_init
 .text.DMA1_Channel2_IRQHandler
                0x0000000008000888       0x24 CMakeFiles/linux-stm32-spi-i2c.elf.dir/dev_spi.c.obj
                0x0000000008000888                DMA1_Channel2_IRQHandler
 .text.DMA1_Channel3_IRQHandler
                0x00000000080008ac       0x28 CMakeFiles/linux-stm32-spi-i2c.elf.dir/dev_spi.c.obj
                0x00000000080008ac                DMA1_Channel3_IRQHandler
 .text.DMA1_Channel4_IRQHandler
                0x00000000080008d4       0x28 CMakeFiles/linux-stm32-spi-i2c.elf.dir/dev_spi.c.obj
                0x00000000080008d4                DMA1_Channel4_IRQHandler
 .text.DMA1_Channel5_IRQHandler
                0x00000000080008fc       0x28 CMakeFiles/linux-stm32-spi-i2c.elf.dir/dev_spi.c.obj
                0x00000000080008fc                DMA1_Channel5_IRQHandler
 .text.dev_uart_add
                0x0000000008000924      0x14c CMakeFiles/linux-stm32-spi-i2c.elf.dir/dev_uart.c.obj
                0x0000000008000924                dev_uart_add
 .text.dev_uart_send
                0x0000000008000a70       0x6c CMakeFiles/linux-stm32-spi-i2c.elf.dir/dev_uart.c.obj
                0x0000000008000a70                dev_uart_send
 .text.dev_uart_update
                0x0000000008000adc       0x40 CMakeFiles/linux-stm32-spi-i2c.elf.dir/dev_uart.c.obj
                0x0000000008000adc                dev_uart_update
 .text.dev_uart_irq
                0x0000000008000b1c       0x9c CMakeFiles/linux-stm32-spi-i2c.elf.dir/dev_uart.c.obj
                0x0000000008000b1c                dev_uart_irq
 .text.USART1_IRQHandler
                0x0000000008000bb8       0x10 CMakeFiles/linux-stm32-spi-i2c.elf.dir/dev_uart.c.obj
                0x0000000008000bb8                USART1_IRQHandler
 .text.USART2_IRQHandler
                0x0000000008000bc8       0x10 CMakeFiles/linux-stm32-spi-i2c.elf.dir/dev_uart.c.obj
                0x0000000008000bc8                USART2_IRQHandler
 .text.__io_putchar
                0x0000000008000bd8       0x30 CMakeFiles/linux-stm32-spi-i2c.elf.dir/dev_uart.c.obj
                0x0000000008000bd8                __io_putchar
 .text.overclock_stm32f103
                0x0000000008000c08       0x70 CMakeFiles/linux-stm32-spi-i2c.elf.dir/overclock_stm32f103.c.obj
                0x0000000008000c08                overclock_stm32f103
 .text.NMI_Handler
                0x0000000008000c78        0x4 CMakeFiles/linux-stm32-spi-i2c.elf.dir/stm32f10x_it.c.obj
                0x0000000008000c78                NMI_Handler
 .text.HardFault_Handler
                0x0000000008000c7c        0x4 CMakeFiles/linux-stm32-spi-i2c.elf.dir/stm32f10x_it.c.obj
                0x0000000008000c7c                HardFault_Handler
 .text.MemManage_Handler
                0x0000000008000c80        0x4 CMakeFiles/linux-stm32-spi-i2c.elf.dir/stm32f10x_it.c.obj
                0x0000000008000c80                MemManage_Handler
 .text.BusFault_Handler
                0x0000000008000c84        0x4 CMakeFiles/linux-stm32-spi-i2c.elf.dir/stm32f10x_it.c.obj
                0x0000000008000c84                BusFault_Handler
 .text.UsageFault_Handler
                0x0000000008000c88        0x4 CMakeFiles/linux-stm32-spi-i2c.elf.dir/stm32f10x_it.c.obj
                0x0000000008000c88                UsageFault_Handler
 .text.SVC_Handler
                0x0000000008000c8c        0x4 CMakeFiles/linux-stm32-spi-i2c.elf.dir/stm32f10x_it.c.obj
                0x0000000008000c8c                SVC_Handler
 .text.DebugMon_Handler
                0x0000000008000c90        0x4 CMakeFiles/linux-stm32-spi-i2c.elf.dir/stm32f10x_it.c.obj
                0x0000000008000c90                DebugMon_Handler
 .text.PendSV_Handler
                0x0000000008000c94        0x4 CMakeFiles/linux-stm32-spi-i2c.elf.dir/stm32f10x_it.c.obj
                0x0000000008000c94                PendSV_Handler
 .text.SysTick_Handler
                0x0000000008000c98       0x28 CMakeFiles/linux-stm32-spi-i2c.elf.dir/stm32f10x_it.c.obj
                0x0000000008000c98                SysTick_Handler
 .text.EXTI9_5_IRQHandler
                0x0000000008000cc0       0x1c CMakeFiles/linux-stm32-spi-i2c.elf.dir/stm32f10x_it.c.obj
                0x0000000008000cc0                EXTI9_5_IRQHandler
 .text.SystemInit
                0x0000000008000cdc      0x104 CMakeFiles/linux-stm32-spi-i2c.elf.dir/system_stm32f10x.c.obj
                0x0000000008000cdc                SystemInit
 .text.__errno  0x0000000008000de0        0xc /opt/toolchains/gcc-arm-none-eabi-7-2017-q4-major/bin/../lib/gcc/arm-none-eabi/7.2.1/../../../../arm-none-eabi/lib/thumb/v7-m/libg_nano.a(lib_a-errno.o)
                0x0000000008000de0                __errno
 .text.malloc   0x0000000008000dec       0x10 /opt/toolchains/gcc-arm-none-eabi-7-2017-q4-major/bin/../lib/gcc/arm-none-eabi/7.2.1/../../../../arm-none-eabi/lib/thumb/v7-m/libg_nano.a(lib_a-malloc.o)
                0x0000000008000dec                malloc
 .text._free_r  0x0000000008000dfc       0x98 /opt/toolchains/gcc-arm-none-eabi-7-2017-q4-major/bin/../lib/gcc/arm-none-eabi/7.2.1/../../../../arm-none-eabi/lib/thumb/v7-m/libg_nano.a(lib_a-nano-freer.o)
                0x0000000008000dfc                _free_r
 .text._malloc_r
                0x0000000008000e94       0xb4 /opt/toolchains/gcc-arm-none-eabi-7-2017-q4-major/bin/../lib/gcc/arm-none-eabi/7.2.1/../../../../arm-none-eabi/lib/thumb/v7-m/libg_nano.a(lib_a-nano-mallocr.o)
                0x0000000008000e94                _malloc_r
 .text.printf   0x0000000008000f48       0x30 /opt/toolchains/gcc-arm-none-eabi-7-2017-q4-major/bin/../lib/gcc/arm-none-eabi/7.2.1/../../../../arm-none-eabi/lib/thumb/v7-m/libg_nano.a(lib_a-printf.o)
                0x0000000008000f48                printf
                0x0000000008000f48                iprintf
 .text._puts_r  0x0000000008000f78       0xb8 /opt/toolchains/gcc-arm-none-eabi-7-2017-q4-major/bin/../lib/gcc/arm-none-eabi/7.2.1/../../../../arm-none-eabi/lib/thumb/v7-m/libg_nano.a(lib_a-puts.o)
                0x0000000008000f78                _puts_r
 .text.puts     0x0000000008001030       0x10 /opt/toolchains/gcc-arm-none-eabi-7-2017-q4-major/bin/../lib/gcc/arm-none-eabi/7.2.1/../../../../arm-none-eabi/lib/thumb/v7-m/libg_nano.a(lib_a-puts.o)
                0x0000000008001030                puts
 .text._sbrk_r  0x0000000008001040       0x20 /opt/toolchains/gcc-arm-none-eabi-7-2017-q4-major/bin/../lib/gcc/arm-none-eabi/7.2.1/../../../../arm-none-eabi/lib/thumb/v7-m/libg_nano.a(lib_a-sbrkr.o)
                0x0000000008001040                _sbrk_r
 .text.__swbuf_r
                0x0000000008001060       0xa4 /opt/toolchains/gcc-arm-none-eabi-7-2017-q4-major/bin/../lib/gcc/arm-none-eabi/7.2.1/../../../../arm-none-eabi/lib/thumb/v7-m/libg_nano.a(lib_a-wbuf.o)
                0x0000000008001060                __swbuf_r
 .text.__swsetup_r
                0x0000000008001104       0xdc /opt/toolchains/gcc-arm-none-eabi-7-2017-q4-major/bin/../lib/gcc/arm-none-eabi/7.2.1/../../../../arm-none-eabi/lib/thumb/v7-m/libg_nano.a(lib_a-wsetup.o)
                0x0000000008001104                __swsetup_r
 .text.__sflush_r
                0x00000000080011e0      0x10c /opt/toolchains/gcc-arm-none-eabi-7-2017-q4-major/bin/../lib/gcc/arm-none-eabi/7.2.1/../../../../arm-none-eabi/lib/thumb/v7-m/libg_nano.a(lib_a-fflush.o)
                0x00000000080011e0                __sflush_r
 .text._fflush_r
                0x00000000080012ec       0x54 /opt/toolchains/gcc-arm-none-eabi-7-2017-q4-major/bin/../lib/gcc/arm-none-eabi/7.2.1/../../../../arm-none-eabi/lib/thumb/v7-m/libg_nano.a(lib_a-fflush.o)
                0x00000000080012ec                _fflush_r
 .text.std      0x0000000008001340       0x48 /opt/toolchains/gcc-arm-none-eabi-7-2017-q4-major/bin/../lib/gcc/arm-none-eabi/7.2.1/../../../../arm-none-eabi/lib/thumb/v7-m/libg_nano.a(lib_a-findfp.o)
 .text._cleanup_r
                0x0000000008001388        0xc /opt/toolchains/gcc-arm-none-eabi-7-2017-q4-major/bin/../lib/gcc/arm-none-eabi/7.2.1/../../../../arm-none-eabi/lib/thumb/v7-m/libg_nano.a(lib_a-findfp.o)
                0x0000000008001388                _cleanup_r
 .text.__sfmoreglue
                0x0000000008001394       0x2c /opt/toolchains/gcc-arm-none-eabi-7-2017-q4-major/bin/../lib/gcc/arm-none-eabi/7.2.1/../../../../arm-none-eabi/lib/thumb/v7-m/libg_nano.a(lib_a-findfp.o)
                0x0000000008001394                __sfmoreglue
 .text.__sinit  0x00000000080013c0       0x60 /opt/toolchains/gcc-arm-none-eabi-7-2017-q4-major/bin/../lib/gcc/arm-none-eabi/7.2.1/../../../../arm-none-eabi/lib/thumb/v7-m/libg_nano.a(lib_a-findfp.o)
                0x00000000080013c0                __sinit
 .text.__sfp    0x0000000008001420       0x78 /opt/toolchains/gcc-arm-none-eabi-7-2017-q4-major/bin/../lib/gcc/arm-none-eabi/7.2.1/../../../../arm-none-eabi/lib/thumb/v7-m/libg_nano.a(lib_a-findfp.o)
                0x0000000008001420                __sfp
 .text._fwalk_reent
                0x0000000008001498       0x3c /opt/toolchains/gcc-arm-none-eabi-7-2017-q4-major/bin/../lib/gcc/arm-none-eabi/7.2.1/../../../../arm-none-eabi/lib/thumb/v7-m/libg_nano.a(lib_a-fwalk.o)
                0x0000000008001498                _fwalk_reent
 .text.__swhatbuf_r
                0x00000000080014d4       0x48 /opt/toolchains/gcc-arm-none-eabi-7-2017-q4-major/bin/../lib/gcc/arm-none-eabi/7.2.1/../../../../arm-none-eabi/lib/thumb/v7-m/libg_nano.a(lib_a-makebuf.o)
                0x00000000080014d4                __swhatbuf_r
 .text.__smakebuf_r
                0x000000000800151c       0x80 /opt/toolchains/gcc-arm-none-eabi-7-2017-q4-major/bin/../lib/gcc/arm-none-eabi/7.2.1/../../../../arm-none-eabi/lib/thumb/v7-m/libg_nano.a(lib_a-makebuf.o)
                0x000000000800151c                __smakebuf_r
 .text.__malloc_lock
                0x000000000800159c        0x2 /opt/toolchains/gcc-arm-none-eabi-7-2017-q4-major/bin/../lib/gcc/arm-none-eabi/7.2.1/../../../../arm-none-eabi/lib/thumb/v7-m/libg_nano.a(lib_a-mlock.o)
                0x000000000800159c                __malloc_lock
 .text.__malloc_unlock
                0x000000000800159e        0x2 /opt/toolchains/gcc-arm-none-eabi-7-2017-q4-major/bin/../lib/gcc/arm-none-eabi/7.2.1/../../../../arm-none-eabi/lib/thumb/v7-m/libg_nano.a(lib_a-mlock.o)
                0x000000000800159e                __malloc_unlock
 .text.__sfputc_r
                0x00000000080015a0       0x2a /opt/toolchains/gcc-arm-none-eabi-7-2017-q4-major/bin/../lib/gcc/arm-none-eabi/7.2.1/../../../../arm-none-eabi/lib/thumb/v7-m/libg_nano.a(lib_a-nano-vfprintf.o)
 .text.__sfputs_r
                0x00000000080015ca       0x24 /opt/toolchains/gcc-arm-none-eabi-7-2017-q4-major/bin/../lib/gcc/arm-none-eabi/7.2.1/../../../../arm-none-eabi/lib/thumb/v7-m/libg_nano.a(lib_a-nano-vfprintf.o)
                0x00000000080015ca                __sfputs_r
 *fill*         0x00000000080015ee        0x2 
 .text._vfprintf_r
                0x00000000080015f0      0x228 /opt/toolchains/gcc-arm-none-eabi-7-2017-q4-major/bin/../lib/gcc/arm-none-eabi/7.2.1/../../../../arm-none-eabi/lib/thumb/v7-m/libg_nano.a(lib_a-nano-vfprintf.o)
                0x00000000080015f0                _vfiprintf_r
                0x00000000080015f0                _vfprintf_r
 .text._printf_common
                0x0000000008001818       0xec /opt/toolchains/gcc-arm-none-eabi-7-2017-q4-major/bin/../lib/gcc/arm-none-eabi/7.2.1/../../../../arm-none-eabi/lib/thumb/v7-m/libg_nano.a(lib_a-nano-vfprintf_i.o)
                0x0000000008001818                _printf_common
 .text._printf_i
                0x0000000008001904      0x224 /opt/toolchains/gcc-arm-none-eabi-7-2017-q4-major/bin/../lib/gcc/arm-none-eabi/7.2.1/../../../../arm-none-eabi/lib/thumb/v7-m/libg_nano.a(lib_a-nano-vfprintf_i.o)
                0x0000000008001904                _printf_i
 .text.__sread  0x0000000008001b28       0x22 /opt/toolchains/gcc-arm-none-eabi-7-2017-q4-major/bin/../lib/gcc/arm-none-eabi/7.2.1/../../../../arm-none-eabi/lib/thumb/v7-m/libg_nano.a(lib_a-stdio.o)
                0x0000000008001b28                __sread
 .text.__swrite
                0x0000000008001b4a       0x38 /opt/toolchains/gcc-arm-none-eabi-7-2017-q4-major/bin/../lib/gcc/arm-none-eabi/7.2.1/../../../../arm-none-eabi/lib/thumb/v7-m/libg_nano.a(lib_a-stdio.o)
                0x0000000008001b4a                __swrite
 .text.__sseek  0x0000000008001b82       0x24 /opt/toolchains/gcc-arm-none-eabi-7-2017-q4-major/bin/../lib/gcc/arm-none-eabi/7.2.1/../../../../arm-none-eabi/lib/thumb/v7-m/libg_nano.a(lib_a-stdio.o)
                0x0000000008001b82                __sseek
 .text.__sclose
                0x0000000008001ba6        0x8 /opt/toolchains/gcc-arm-none-eabi-7-2017-q4-major/bin/../lib/gcc/arm-none-eabi/7.2.1/../../../../arm-none-eabi/lib/thumb/v7-m/libg_nano.a(lib_a-stdio.o)
                0x0000000008001ba6                __sclose
 *fill*         0x0000000008001bae        0x2 
 .text._write_r
                0x0000000008001bb0       0x24 /opt/toolchains/gcc-arm-none-eabi-7-2017-q4-major/bin/../lib/gcc/arm-none-eabi/7.2.1/../../../../arm-none-eabi/lib/thumb/v7-m/libg_nano.a(lib_a-writer.o)
                0x0000000008001bb0                _write_r
 .text._close_r
                0x0000000008001bd4       0x20 /opt/toolchains/gcc-arm-none-eabi-7-2017-q4-major/bin/../lib/gcc/arm-none-eabi/7.2.1/../../../../arm-none-eabi/lib/thumb/v7-m/libg_nano.a(lib_a-closer.o)
                0x0000000008001bd4                _close_r
 .text._fstat_r
                0x0000000008001bf4       0x24 /opt/toolchains/gcc-arm-none-eabi-7-2017-q4-major/bin/../lib/gcc/arm-none-eabi/7.2.1/../../../../arm-none-eabi/lib/thumb/v7-m/libg_nano.a(lib_a-fstatr.o)
                0x0000000008001bf4                _fstat_r
 .text._isatty_r
                0x0000000008001c18       0x20 /opt/toolchains/gcc-arm-none-eabi-7-2017-q4-major/bin/../lib/gcc/arm-none-eabi/7.2.1/../../../../arm-none-eabi/lib/thumb/v7-m/libg_nano.a(lib_a-isattyr.o)
                0x0000000008001c18                _isatty_r
 .text._lseek_r
                0x0000000008001c38       0x24 /opt/toolchains/gcc-arm-none-eabi-7-2017-q4-major/bin/../lib/gcc/arm-none-eabi/7.2.1/../../../../arm-none-eabi/lib/thumb/v7-m/libg_nano.a(lib_a-lseekr.o)
                0x0000000008001c38                _lseek_r
 .text.memchr   0x0000000008001c5c       0x1c /opt/toolchains/gcc-arm-none-eabi-7-2017-q4-major/bin/../lib/gcc/arm-none-eabi/7.2.1/../../../../arm-none-eabi/lib/thumb/v7-m/libg_nano.a(lib_a-memchr-stub.o)
                0x0000000008001c5c                memchr
 .text._read_r  0x0000000008001c78       0x24 /opt/toolchains/gcc-arm-none-eabi-7-2017-q4-major/bin/../lib/gcc/arm-none-eabi/7.2.1/../../../../arm-none-eabi/lib/thumb/v7-m/libg_nano.a(lib_a-readr.o)
                0x0000000008001c78                _read_r
 *(.glue_7)
 .glue_7        0x0000000008001c9c        0x0 linker stubs
 *(.glue_7t)
 .glue_7t       0x0000000008001c9c        0x0 linker stubs
 *(.eh_frame)
 .eh_frame      0x0000000008001c9c        0x0 /opt/toolchains/gcc-arm-none-eabi-7-2017-q4-major/bin/../lib/gcc/arm-none-eabi/7.2.1/thumb/v7-m/crtbegin.o
 *(.init)
 .init          0x0000000008001c9c        0x4 /opt/toolchains/gcc-arm-none-eabi-7-2017-q4-major/bin/../lib/gcc/arm-none-eabi/7.2.1/thumb/v7-m/crti.o
                0x0000000008001c9c                _init
 .init          0x0000000008001ca0        0x8 /opt/toolchains/gcc-arm-none-eabi-7-2017-q4-major/bin/../lib/gcc/arm-none-eabi/7.2.1/thumb/v7-m/crtn.o
 *(.fini)
 .fini          0x0000000008001ca8        0x4 /opt/toolchains/gcc-arm-none-eabi-7-2017-q4-major/bin/../lib/gcc/arm-none-eabi/7.2.1/thumb/v7-m/crti.o
                0x0000000008001ca8                _fini
 .fini          0x0000000008001cac        0x8 /opt/toolchains/gcc-arm-none-eabi-7-2017-q4-major/bin/../lib/gcc/arm-none-eabi/7.2.1/thumb/v7-m/crtn.o
                0x0000000008001cb4                . = ALIGN (0x4)
                0x0000000008001cb4                _etext = .

.vfp11_veneer   0x0000000008001cb4        0x0
 .vfp11_veneer  0x0000000008001cb4        0x0 linker stubs

.v4_bx          0x0000000008001cb4        0x0
 .v4_bx         0x0000000008001cb4        0x0 linker stubs

.iplt           0x0000000008001cb4        0x0
 .iplt          0x0000000008001cb4        0x0 /opt/toolchains/gcc-arm-none-eabi-7-2017-q4-major/bin/../lib/gcc/arm-none-eabi/7.2.1/thumb/v7-m/crtbegin.o

.rodata         0x0000000008001cb4       0xd8
                0x0000000008001cb4                . = ALIGN (0x4)
 *(.rodata)
 *(.rodata*)
 .rodata._global_impure_ptr
                0x0000000008001cb4        0x4 /opt/toolchains/gcc-arm-none-eabi-7-2017-q4-major/bin/../lib/gcc/arm-none-eabi/7.2.1/../../../../arm-none-eabi/lib/thumb/v7-m/libc_nano.a(lib_a-impure.o)
                0x0000000008001cb4                _global_impure_ptr
 .rodata.str1.4
                0x0000000008001cb8       0x40 CMakeFiles/linux-stm32-spi-i2c.elf.dir/main.c.obj
                                         0x3d (size before relaxing)
 .rodata.__sf_fake_stderr
                0x0000000008001cf8       0x20 /opt/toolchains/gcc-arm-none-eabi-7-2017-q4-major/bin/../lib/gcc/arm-none-eabi/7.2.1/../../../../arm-none-eabi/lib/thumb/v7-m/libg_nano.a(lib_a-findfp.o)
                0x0000000008001cf8                __sf_fake_stderr
 .rodata.__sf_fake_stdin
                0x0000000008001d18       0x20 /opt/toolchains/gcc-arm-none-eabi-7-2017-q4-major/bin/../lib/gcc/arm-none-eabi/7.2.1/../../../../arm-none-eabi/lib/thumb/v7-m/libg_nano.a(lib_a-findfp.o)
                0x0000000008001d18                __sf_fake_stdin
 .rodata.__sf_fake_stdout
                0x0000000008001d38       0x20 /opt/toolchains/gcc-arm-none-eabi-7-2017-q4-major/bin/../lib/gcc/arm-none-eabi/7.2.1/../../../../arm-none-eabi/lib/thumb/v7-m/libg_nano.a(lib_a-findfp.o)
                0x0000000008001d38                __sf_fake_stdout
 .rodata._vfprintf_r.str1.1
                0x0000000008001d58       0x11 /opt/toolchains/gcc-arm-none-eabi-7-2017-q4-major/bin/../lib/gcc/arm-none-eabi/7.2.1/../../../../arm-none-eabi/lib/thumb/v7-m/libg_nano.a(lib_a-nano-vfprintf.o)
 .rodata._printf_i.str1.1
                0x0000000008001d69       0x22 /opt/toolchains/gcc-arm-none-eabi-7-2017-q4-major/bin/../lib/gcc/arm-none-eabi/7.2.1/../../../../arm-none-eabi/lib/thumb/v7-m/libg_nano.a(lib_a-nano-vfprintf_i.o)
                0x0000000008001d8c                . = ALIGN (0x4)
 *fill*         0x0000000008001d8b        0x1 

.rel.dyn        0x0000000008001d8c        0x0
 .rel.iplt      0x0000000008001d8c        0x0 /opt/toolchains/gcc-arm-none-eabi-7-2017-q4-major/bin/../lib/gcc/arm-none-eabi/7.2.1/thumb/v7-m/crtbegin.o

.ARM.extab      0x0000000008001d8c        0x0
                0x0000000008001d8c                . = ALIGN (0x4)
 *(.ARM.extab* .gnu.linkonce.armextab.*)
                0x0000000008001d8c                . = ALIGN (0x4)

.ARM            0x0000000008001d8c        0x0
                0x0000000008001d8c                . = ALIGN (0x4)
                0x0000000008001d8c                __exidx_start = .
 *(.ARM.exidx*)
                0x0000000008001d8c                __exidx_end = .
                0x0000000008001d8c                . = ALIGN (0x4)

.preinit_array  0x0000000008001d8c        0x0
                0x0000000008001d8c                . = ALIGN (0x4)
                0x0000000008001d8c                PROVIDE (__preinit_array_start, .)
 *(.preinit_array*)
                0x0000000008001d8c                PROVIDE (__preinit_array_end, .)
                0x0000000008001d8c                . = ALIGN (0x4)

.init_array     0x0000000008001d8c        0x4
                0x0000000008001d8c                . = ALIGN (0x4)
                0x0000000008001d8c                PROVIDE (__init_array_start, .)
 *(SORT_BY_NAME(.init_array.*))
 *(.init_array*)
 .init_array    0x0000000008001d8c        0x4 /opt/toolchains/gcc-arm-none-eabi-7-2017-q4-major/bin/../lib/gcc/arm-none-eabi/7.2.1/thumb/v7-m/crtbegin.o
                0x0000000008001d90                PROVIDE (__init_array_end, .)
                0x0000000008001d90                . = ALIGN (0x4)

.fini_array     0x0000000008001d90        0x4
                0x0000000008001d90                . = ALIGN (0x4)
                [!provide]                        PROVIDE (__fini_array_start, .)
 *(SORT_BY_NAME(.fini_array.*))
 *(.fini_array*)
 .fini_array    0x0000000008001d90        0x4 /opt/toolchains/gcc-arm-none-eabi-7-2017-q4-major/bin/../lib/gcc/arm-none-eabi/7.2.1/thumb/v7-m/crtbegin.o
                [!provide]                        PROVIDE (__fini_array_end, .)
                0x0000000008001d94                . = ALIGN (0x4)
                0x0000000008001d94                _sidata = LOADADDR (.data)

.data           0x0000000020000000       0xd4 load address 0x0000000008001d94
                0x0000000020000000                . = ALIGN (0x4)
                0x0000000020000000                _sdata = .
 *(.data)
 .data          0x0000000020000000       0x14 CMakeFiles/linux-stm32-spi-i2c.elf.dir/libs/StdPeriph_Driver/src/stm32f10x_rcc.c.obj
 .data          0x0000000020000014       0x44 CMakeFiles/linux-stm32-spi-i2c.elf.dir/main.c.obj
                0x0000000020000014                dbg_uart
 .data          0x0000000020000058        0x4 CMakeFiles/linux-stm32-spi-i2c.elf.dir/cortexm_delay.c.obj
 .data          0x000000002000005c       0x14 CMakeFiles/linux-stm32-spi-i2c.elf.dir/system_stm32f10x.c.obj
                0x000000002000005c                AHBPrescTable
                0x000000002000006c                SystemCoreClock
 *(.data*)
 .data._impure_ptr
                0x0000000020000070        0x4 /opt/toolchains/gcc-arm-none-eabi-7-2017-q4-major/bin/../lib/gcc/arm-none-eabi/7.2.1/../../../../arm-none-eabi/lib/thumb/v7-m/libc_nano.a(lib_a-impure.o)
                0x0000000020000070                _impure_ptr
 .data.impure_data
                0x0000000020000074       0x60 /opt/toolchains/gcc-arm-none-eabi-7-2017-q4-major/bin/../lib/gcc/arm-none-eabi/7.2.1/../../../../arm-none-eabi/lib/thumb/v7-m/libc_nano.a(lib_a-impure.o)
                0x00000000200000d4                . = ALIGN (0x4)
                0x00000000200000d4                _edata = .

.igot.plt       0x00000000200000d4        0x0 load address 0x0000000008001e68
 .igot.plt      0x00000000200000d4        0x0 /opt/toolchains/gcc-arm-none-eabi-7-2017-q4-major/bin/../lib/gcc/arm-none-eabi/7.2.1/thumb/v7-m/crtbegin.o
                0x00000000200000d4                . = ALIGN (0x4)

.bss            0x00000000200000d4       0x40 load address 0x0000000008001e68
                0x00000000200000d4                _sbss = .
                0x00000000200000d4                __bss_start__ = _sbss
 *(.bss)
 .bss           0x00000000200000d4       0x1c /opt/toolchains/gcc-arm-none-eabi-7-2017-q4-major/bin/../lib/gcc/arm-none-eabi/7.2.1/thumb/v7-m/crtbegin.o
 .bss           0x00000000200000f0        0x8 CMakeFiles/linux-stm32-spi-i2c.elf.dir/syscalls.c.obj
                0x00000000200000f4                __env
 .bss           0x00000000200000f8        0x8 CMakeFiles/linux-stm32-spi-i2c.elf.dir/dev_uart.c.obj
 *(.bss*)
 .bss.__malloc_free_list
                0x0000000020000100        0x4 /opt/toolchains/gcc-arm-none-eabi-7-2017-q4-major/bin/../lib/gcc/arm-none-eabi/7.2.1/../../../../arm-none-eabi/lib/thumb/v7-m/libg_nano.a(lib_a-nano-mallocr.o)
                0x0000000020000100                __malloc_free_list
 .bss.__malloc_sbrk_start
                0x0000000020000104        0x4 /opt/toolchains/gcc-arm-none-eabi-7-2017-q4-major/bin/../lib/gcc/arm-none-eabi/7.2.1/../../../../arm-none-eabi/lib/thumb/v7-m/libg_nano.a(lib_a-nano-mallocr.o)
                0x0000000020000104                __malloc_sbrk_start
 *(COMMON)
 COMMON         0x0000000020000108        0x6 CMakeFiles/linux-stm32-spi-i2c.elf.dir/main.c.obj
                0x0000000020000108                glb
 *fill*         0x000000002000010e        0x2 
 COMMON         0x0000000020000110        0x4 /opt/toolchains/gcc-arm-none-eabi-7-2017-q4-major/bin/../lib/gcc/arm-none-eabi/7.2.1/../../../../arm-none-eabi/lib/thumb/v7-m/libg_nano.a(lib_a-reent.o)
                0x0000000020000110                errno
                0x0000000020000114                . = ALIGN (0x4)
                0x0000000020000114                _ebss = .
                0x0000000020000114                __bss_end__ = _ebss

._user_heap_stack
                0x0000000020000114      0x404 load address 0x0000000008001e68
                0x0000000020000118                . = ALIGN (0x8)
 *fill*         0x0000000020000114        0x4 
                0x0000000020000118                PROVIDE (end, .)
                [!provide]                        PROVIDE (_end, .)
                0x0000000020000118                . = (. + _Min_Heap_Size)
                0x0000000020000518                . = (. + _Min_Stack_Size)
 *fill*         0x0000000020000118      0x400 
                0x0000000020000518                . = ALIGN (0x8)

/DISCARD/
 libc.a(*)
 libm.a(*)
 libgcc.a(*)

.ARM.attributes
                0x0000000000000000       0x29
 *(.ARM.attributes)
 .ARM.attributes
                0x0000000000000000       0x1d /opt/toolchains/gcc-arm-none-eabi-7-2017-q4-major/bin/../lib/gcc/arm-none-eabi/7.2.1/thumb/v7-m/crti.o
 .ARM.attributes
                0x000000000000001d       0x2d /opt/toolchains/gcc-arm-none-eabi-7-2017-q4-major/bin/../lib/gcc/arm-none-eabi/7.2.1/thumb/v7-m/crtbegin.o
 .ARM.attributes
                0x000000000000004a       0x2d /opt/toolchains/gcc-arm-none-eabi-7-2017-q4-major/bin/../lib/gcc/arm-none-eabi/7.2.1/../../../../arm-none-eabi/lib/thumb/v7-m/libc_nano.a(lib_a-impure.o)
 .ARM.attributes
                0x0000000000000077       0x2d /opt/toolchains/gcc-arm-none-eabi-7-2017-q4-major/bin/../lib/gcc/arm-none-eabi/7.2.1/../../../../arm-none-eabi/lib/thumb/v7-m/libc_nano.a(lib_a-init.o)
 .ARM.attributes
                0x00000000000000a4       0x2d /opt/toolchains/gcc-arm-none-eabi-7-2017-q4-major/bin/../lib/gcc/arm-none-eabi/7.2.1/../../../../arm-none-eabi/lib/thumb/v7-m/libc_nano.a(lib_a-memset.o)
 .ARM.attributes
                0x00000000000000d1       0x21 CMakeFiles/linux-stm32-spi-i2c.elf.dir/libs/startup/startup_stm32f10x_md.s.obj
 .ARM.attributes
                0x00000000000000f2       0x33 CMakeFiles/linux-stm32-spi-i2c.elf.dir/libs/StdPeriph_Driver/src/misc.c.obj
 .ARM.attributes
                0x0000000000000125       0x33 CMakeFiles/linux-stm32-spi-i2c.elf.dir/libs/StdPeriph_Driver/src/stm32f10x_exti.c.obj
 .ARM.attributes
                0x0000000000000158       0x33 CMakeFiles/linux-stm32-spi-i2c.elf.dir/libs/StdPeriph_Driver/src/stm32f10x_flash.c.obj
 .ARM.attributes
                0x000000000000018b       0x33 CMakeFiles/linux-stm32-spi-i2c.elf.dir/libs/StdPeriph_Driver/src/stm32f10x_rcc.c.obj
 .ARM.attributes
                0x00000000000001be       0x33 CMakeFiles/linux-stm32-spi-i2c.elf.dir/libs/StdPeriph_Driver/src/stm32f10x_gpio.c.obj
 .ARM.attributes
                0x00000000000001f1       0x33 CMakeFiles/linux-stm32-spi-i2c.elf.dir/libs/StdPeriph_Driver/src/stm32f10x_dma.c.obj
 .ARM.attributes
                0x0000000000000224       0x33 CMakeFiles/linux-stm32-spi-i2c.elf.dir/libs/StdPeriph_Driver/src/stm32f10x_usart.c.obj
 .ARM.attributes
                0x0000000000000257       0x33 CMakeFiles/linux-stm32-spi-i2c.elf.dir/syscalls.c.obj
 .ARM.attributes
                0x000000000000028a       0x33 CMakeFiles/linux-stm32-spi-i2c.elf.dir/main.c.obj
 .ARM.attributes
                0x00000000000002bd       0x33 CMakeFiles/linux-stm32-spi-i2c.elf.dir/cortexm_delay.c.obj
 .ARM.attributes
                0x00000000000002f0       0x33 CMakeFiles/linux-stm32-spi-i2c.elf.dir/dev_spi.c.obj
 .ARM.attributes
                0x0000000000000323       0x33 CMakeFiles/linux-stm32-spi-i2c.elf.dir/dev_uart.c.obj
 .ARM.attributes
                0x0000000000000356       0x33 CMakeFiles/linux-stm32-spi-i2c.elf.dir/overclock_stm32f103.c.obj
 .ARM.attributes
                0x0000000000000389       0x33 CMakeFiles/linux-stm32-spi-i2c.elf.dir/stm32f10x_it.c.obj
 .ARM.attributes
                0x00000000000003bc       0x33 CMakeFiles/linux-stm32-spi-i2c.elf.dir/system_stm32f10x.c.obj
 .ARM.attributes
                0x00000000000003ef       0x2d /opt/toolchains/gcc-arm-none-eabi-7-2017-q4-major/bin/../lib/gcc/arm-none-eabi/7.2.1/../../../../arm-none-eabi/lib/thumb/v7-m/libg_nano.a(lib_a-errno.o)
 .ARM.attributes
                0x000000000000041c       0x2d /opt/toolchains/gcc-arm-none-eabi-7-2017-q4-major/bin/../lib/gcc/arm-none-eabi/7.2.1/../../../../arm-none-eabi/lib/thumb/v7-m/libg_nano.a(lib_a-malloc.o)
 .ARM.attributes
                0x0000000000000449       0x2d /opt/toolchains/gcc-arm-none-eabi-7-2017-q4-major/bin/../lib/gcc/arm-none-eabi/7.2.1/../../../../arm-none-eabi/lib/thumb/v7-m/libg_nano.a(lib_a-nano-freer.o)
 .ARM.attributes
                0x0000000000000476       0x2d /opt/toolchains/gcc-arm-none-eabi-7-2017-q4-major/bin/../lib/gcc/arm-none-eabi/7.2.1/../../../../arm-none-eabi/lib/thumb/v7-m/libg_nano.a(lib_a-nano-mallocr.o)
 .ARM.attributes
                0x00000000000004a3       0x2d /opt/toolchains/gcc-arm-none-eabi-7-2017-q4-major/bin/../lib/gcc/arm-none-eabi/7.2.1/../../../../arm-none-eabi/lib/thumb/v7-m/libg_nano.a(lib_a-printf.o)
 .ARM.attributes
                0x00000000000004d0       0x2d /opt/toolchains/gcc-arm-none-eabi-7-2017-q4-major/bin/../lib/gcc/arm-none-eabi/7.2.1/../../../../arm-none-eabi/lib/thumb/v7-m/libg_nano.a(lib_a-puts.o)
 .ARM.attributes
                0x00000000000004fd       0x2d /opt/toolchains/gcc-arm-none-eabi-7-2017-q4-major/bin/../lib/gcc/arm-none-eabi/7.2.1/../../../../arm-none-eabi/lib/thumb/v7-m/libg_nano.a(lib_a-sbrkr.o)
 .ARM.attributes
                0x000000000000052a       0x2d /opt/toolchains/gcc-arm-none-eabi-7-2017-q4-major/bin/../lib/gcc/arm-none-eabi/7.2.1/../../../../arm-none-eabi/lib/thumb/v7-m/libg_nano.a(lib_a-wbuf.o)
 .ARM.attributes
                0x0000000000000557       0x2d /opt/toolchains/gcc-arm-none-eabi-7-2017-q4-major/bin/../lib/gcc/arm-none-eabi/7.2.1/../../../../arm-none-eabi/lib/thumb/v7-m/libg_nano.a(lib_a-wsetup.o)
 .ARM.attributes
                0x0000000000000584       0x2d /opt/toolchains/gcc-arm-none-eabi-7-2017-q4-major/bin/../lib/gcc/arm-none-eabi/7.2.1/../../../../arm-none-eabi/lib/thumb/v7-m/libg_nano.a(lib_a-fflush.o)
 .ARM.attributes
                0x00000000000005b1       0x2d /opt/toolchains/gcc-arm-none-eabi-7-2017-q4-major/bin/../lib/gcc/arm-none-eabi/7.2.1/../../../../arm-none-eabi/lib/thumb/v7-m/libg_nano.a(lib_a-findfp.o)
 .ARM.attributes
                0x00000000000005de       0x2d /opt/toolchains/gcc-arm-none-eabi-7-2017-q4-major/bin/../lib/gcc/arm-none-eabi/7.2.1/../../../../arm-none-eabi/lib/thumb/v7-m/libg_nano.a(lib_a-fwalk.o)
 .ARM.attributes
                0x000000000000060b       0x2d /opt/toolchains/gcc-arm-none-eabi-7-2017-q4-major/bin/../lib/gcc/arm-none-eabi/7.2.1/../../../../arm-none-eabi/lib/thumb/v7-m/libg_nano.a(lib_a-makebuf.o)
 .ARM.attributes
                0x0000000000000638       0x2d /opt/toolchains/gcc-arm-none-eabi-7-2017-q4-major/bin/../lib/gcc/arm-none-eabi/7.2.1/../../../../arm-none-eabi/lib/thumb/v7-m/libg_nano.a(lib_a-mlock.o)
 .ARM.attributes
                0x0000000000000665       0x2d /opt/toolchains/gcc-arm-none-eabi-7-2017-q4-major/bin/../lib/gcc/arm-none-eabi/7.2.1/../../../../arm-none-eabi/lib/thumb/v7-m/libg_nano.a(lib_a-nano-vfprintf.o)
 .ARM.attributes
                0x0000000000000692       0x2d /opt/toolchains/gcc-arm-none-eabi-7-2017-q4-major/bin/../lib/gcc/arm-none-eabi/7.2.1/../../../../arm-none-eabi/lib/thumb/v7-m/libg_nano.a(lib_a-nano-vfprintf_i.o)
 .ARM.attributes
                0x00000000000006bf       0x2d /opt/toolchains/gcc-arm-none-eabi-7-2017-q4-major/bin/../lib/gcc/arm-none-eabi/7.2.1/../../../../arm-none-eabi/lib/thumb/v7-m/libg_nano.a(lib_a-reent.o)
 .ARM.attributes
                0x00000000000006ec       0x2d /opt/toolchains/gcc-arm-none-eabi-7-2017-q4-major/bin/../lib/gcc/arm-none-eabi/7.2.1/../../../../arm-none-eabi/lib/thumb/v7-m/libg_nano.a(lib_a-stdio.o)
 .ARM.attributes
                0x0000000000000719       0x2d /opt/toolchains/gcc-arm-none-eabi-7-2017-q4-major/bin/../lib/gcc/arm-none-eabi/7.2.1/../../../../arm-none-eabi/lib/thumb/v7-m/libg_nano.a(lib_a-writer.o)
 .ARM.attributes
                0x0000000000000746       0x2d /opt/toolchains/gcc-arm-none-eabi-7-2017-q4-major/bin/../lib/gcc/arm-none-eabi/7.2.1/../../../../arm-none-eabi/lib/thumb/v7-m/libg_nano.a(lib_a-closer.o)
 .ARM.attributes
                0x0000000000000773       0x2d /opt/toolchains/gcc-arm-none-eabi-7-2017-q4-major/bin/../lib/gcc/arm-none-eabi/7.2.1/../../../../arm-none-eabi/lib/thumb/v7-m/libg_nano.a(lib_a-fstatr.o)
 .ARM.attributes
                0x00000000000007a0       0x2d /opt/toolchains/gcc-arm-none-eabi-7-2017-q4-major/bin/../lib/gcc/arm-none-eabi/7.2.1/../../../../arm-none-eabi/lib/thumb/v7-m/libg_nano.a(lib_a-isattyr.o)
 .ARM.attributes
                0x00000000000007cd       0x2d /opt/toolchains/gcc-arm-none-eabi-7-2017-q4-major/bin/../lib/gcc/arm-none-eabi/7.2.1/../../../../arm-none-eabi/lib/thumb/v7-m/libg_nano.a(lib_a-lseekr.o)
 .ARM.attributes
                0x00000000000007fa       0x2d /opt/toolchains/gcc-arm-none-eabi-7-2017-q4-major/bin/../lib/gcc/arm-none-eabi/7.2.1/../../../../arm-none-eabi/lib/thumb/v7-m/libg_nano.a(lib_a-memchr-stub.o)
 .ARM.attributes
                0x0000000000000827       0x2d /opt/toolchains/gcc-arm-none-eabi-7-2017-q4-major/bin/../lib/gcc/arm-none-eabi/7.2.1/../../../../arm-none-eabi/lib/thumb/v7-m/libg_nano.a(lib_a-readr.o)
 .ARM.attributes
                0x0000000000000854       0x1d /opt/toolchains/gcc-arm-none-eabi-7-2017-q4-major/bin/../lib/gcc/arm-none-eabi/7.2.1/thumb/v7-m/crtn.o
OUTPUT(linux-stm32-spi-i2c.elf elf32-littlearm)

.debug_frame    0x0000000000000000     0x1930
 .debug_frame   0x0000000000000000       0x2c /opt/toolchains/gcc-arm-none-eabi-7-2017-q4-major/bin/../lib/gcc/arm-none-eabi/7.2.1/../../../../arm-none-eabi/lib/thumb/v7-m/libc_nano.a(lib_a-init.o)
 .debug_frame   0x000000000000002c       0x20 /opt/toolchains/gcc-arm-none-eabi-7-2017-q4-major/bin/../lib/gcc/arm-none-eabi/7.2.1/../../../../arm-none-eabi/lib/thumb/v7-m/libc_nano.a(lib_a-memset.o)
 .debug_frame   0x000000000000004c       0x7c CMakeFiles/linux-stm32-spi-i2c.elf.dir/libs/StdPeriph_Driver/src/misc.c.obj
 .debug_frame   0x00000000000000c8       0xb4 CMakeFiles/linux-stm32-spi-i2c.elf.dir/libs/StdPeriph_Driver/src/stm32f10x_exti.c.obj
 .debug_frame   0x000000000000017c      0x254 CMakeFiles/linux-stm32-spi-i2c.elf.dir/libs/StdPeriph_Driver/src/stm32f10x_flash.c.obj
 .debug_frame   0x00000000000003d0      0x224 CMakeFiles/linux-stm32-spi-i2c.elf.dir/libs/StdPeriph_Driver/src/stm32f10x_rcc.c.obj
 .debug_frame   0x00000000000005f4      0x1b0 CMakeFiles/linux-stm32-spi-i2c.elf.dir/libs/StdPeriph_Driver/src/stm32f10x_gpio.c.obj
 .debug_frame   0x00000000000007a4       0xf0 CMakeFiles/linux-stm32-spi-i2c.elf.dir/libs/StdPeriph_Driver/src/stm32f10x_dma.c.obj
 .debug_frame   0x0000000000000894      0x258 CMakeFiles/linux-stm32-spi-i2c.elf.dir/libs/StdPeriph_Driver/src/stm32f10x_usart.c.obj
 .debug_frame   0x0000000000000aec      0x1a8 CMakeFiles/linux-stm32-spi-i2c.elf.dir/syscalls.c.obj
 .debug_frame   0x0000000000000c94       0x48 CMakeFiles/linux-stm32-spi-i2c.elf.dir/main.c.obj
 .debug_frame   0x0000000000000cdc       0x58 CMakeFiles/linux-stm32-spi-i2c.elf.dir/cortexm_delay.c.obj
 .debug_frame   0x0000000000000d34      0x224 CMakeFiles/linux-stm32-spi-i2c.elf.dir/dev_spi.c.obj
 .debug_frame   0x0000000000000f58      0x130 CMakeFiles/linux-stm32-spi-i2c.elf.dir/dev_uart.c.obj
 .debug_frame   0x0000000000001088       0x28 CMakeFiles/linux-stm32-spi-i2c.elf.dir/overclock_stm32f103.c.obj
 .debug_frame   0x00000000000010b0       0xbc CMakeFiles/linux-stm32-spi-i2c.elf.dir/stm32f10x_it.c.obj
 .debug_frame   0x000000000000116c       0x48 CMakeFiles/linux-stm32-spi-i2c.elf.dir/system_stm32f10x.c.obj
 .debug_frame   0x00000000000011b4       0x20 /opt/toolchains/gcc-arm-none-eabi-7-2017-q4-major/bin/../lib/gcc/arm-none-eabi/7.2.1/../../../../arm-none-eabi/lib/thumb/v7-m/libg_nano.a(lib_a-errno.o)
 .debug_frame   0x00000000000011d4       0x30 /opt/toolchains/gcc-arm-none-eabi-7-2017-q4-major/bin/../lib/gcc/arm-none-eabi/7.2.1/../../../../arm-none-eabi/lib/thumb/v7-m/libg_nano.a(lib_a-malloc.o)
 .debug_frame   0x0000000000001204       0x38 /opt/toolchains/gcc-arm-none-eabi-7-2017-q4-major/bin/../lib/gcc/arm-none-eabi/7.2.1/../../../../arm-none-eabi/lib/thumb/v7-m/libg_nano.a(lib_a-nano-freer.o)
 .debug_frame   0x000000000000123c       0x2c /opt/toolchains/gcc-arm-none-eabi-7-2017-q4-major/bin/../lib/gcc/arm-none-eabi/7.2.1/../../../../arm-none-eabi/lib/thumb/v7-m/libg_nano.a(lib_a-nano-mallocr.o)
 .debug_frame   0x0000000000001268       0x74 /opt/toolchains/gcc-arm-none-eabi-7-2017-q4-major/bin/../lib/gcc/arm-none-eabi/7.2.1/../../../../arm-none-eabi/lib/thumb/v7-m/libg_nano.a(lib_a-printf.o)
 .debug_frame   0x00000000000012dc       0x3c /opt/toolchains/gcc-arm-none-eabi-7-2017-q4-major/bin/../lib/gcc/arm-none-eabi/7.2.1/../../../../arm-none-eabi/lib/thumb/v7-m/libg_nano.a(lib_a-puts.o)
 .debug_frame   0x0000000000001318       0x2c /opt/toolchains/gcc-arm-none-eabi-7-2017-q4-major/bin/../lib/gcc/arm-none-eabi/7.2.1/../../../../arm-none-eabi/lib/thumb/v7-m/libg_nano.a(lib_a-sbrkr.o)
 .debug_frame   0x0000000000001344       0x40 /opt/toolchains/gcc-arm-none-eabi-7-2017-q4-major/bin/../lib/gcc/arm-none-eabi/7.2.1/../../../../arm-none-eabi/lib/thumb/v7-m/libg_nano.a(lib_a-wbuf.o)
 .debug_frame   0x0000000000001384       0x2c /opt/toolchains/gcc-arm-none-eabi-7-2017-q4-major/bin/../lib/gcc/arm-none-eabi/7.2.1/../../../../arm-none-eabi/lib/thumb/v7-m/libg_nano.a(lib_a-wsetup.o)
 .debug_frame   0x00000000000013b0       0x68 /opt/toolchains/gcc-arm-none-eabi-7-2017-q4-major/bin/../lib/gcc/arm-none-eabi/7.2.1/../../../../arm-none-eabi/lib/thumb/v7-m/libg_nano.a(lib_a-fflush.o)
 .debug_frame   0x0000000000001418      0x11c /opt/toolchains/gcc-arm-none-eabi-7-2017-q4-major/bin/../lib/gcc/arm-none-eabi/7.2.1/../../../../arm-none-eabi/lib/thumb/v7-m/libg_nano.a(lib_a-findfp.o)
 .debug_frame   0x0000000000001534       0x54 /opt/toolchains/gcc-arm-none-eabi-7-2017-q4-major/bin/../lib/gcc/arm-none-eabi/7.2.1/../../../../arm-none-eabi/lib/thumb/v7-m/libg_nano.a(lib_a-fwalk.o)
 .debug_frame   0x0000000000001588       0x58 /opt/toolchains/gcc-arm-none-eabi-7-2017-q4-major/bin/../lib/gcc/arm-none-eabi/7.2.1/../../../../arm-none-eabi/lib/thumb/v7-m/libg_nano.a(lib_a-makebuf.o)
 .debug_frame   0x00000000000015e0       0x30 /opt/toolchains/gcc-arm-none-eabi-7-2017-q4-major/bin/../lib/gcc/arm-none-eabi/7.2.1/../../../../arm-none-eabi/lib/thumb/v7-m/libg_nano.a(lib_a-mlock.o)
 .debug_frame   0x0000000000001610       0xac /opt/toolchains/gcc-arm-none-eabi-7-2017-q4-major/bin/../lib/gcc/arm-none-eabi/7.2.1/../../../../arm-none-eabi/lib/thumb/v7-m/libg_nano.a(lib_a-nano-vfprintf.o)
 .debug_frame   0x00000000000016bc       0x60 /opt/toolchains/gcc-arm-none-eabi-7-2017-q4-major/bin/../lib/gcc/arm-none-eabi/7.2.1/../../../../arm-none-eabi/lib/thumb/v7-m/libg_nano.a(lib_a-nano-vfprintf_i.o)
 .debug_frame   0x000000000000171c       0x5c /opt/toolchains/gcc-arm-none-eabi-7-2017-q4-major/bin/../lib/gcc/arm-none-eabi/7.2.1/../../../../arm-none-eabi/lib/thumb/v7-m/libg_nano.a(lib_a-reent.o)
 .debug_frame   0x0000000000001778       0x88 /opt/toolchains/gcc-arm-none-eabi-7-2017-q4-major/bin/../lib/gcc/arm-none-eabi/7.2.1/../../../../arm-none-eabi/lib/thumb/v7-m/libg_nano.a(lib_a-stdio.o)
 .debug_frame   0x0000000000001800       0x2c /opt/toolchains/gcc-arm-none-eabi-7-2017-q4-major/bin/../lib/gcc/arm-none-eabi/7.2.1/../../../../arm-none-eabi/lib/thumb/v7-m/libg_nano.a(lib_a-writer.o)
 .debug_frame   0x000000000000182c       0x2c /opt/toolchains/gcc-arm-none-eabi-7-2017-q4-major/bin/../lib/gcc/arm-none-eabi/7.2.1/../../../../arm-none-eabi/lib/thumb/v7-m/libg_nano.a(lib_a-closer.o)
 .debug_frame   0x0000000000001858       0x2c /opt/toolchains/gcc-arm-none-eabi-7-2017-q4-major/bin/../lib/gcc/arm-none-eabi/7.2.1/../../../../arm-none-eabi/lib/thumb/v7-m/libg_nano.a(lib_a-fstatr.o)
 .debug_frame   0x0000000000001884       0x2c /opt/toolchains/gcc-arm-none-eabi-7-2017-q4-major/bin/../lib/gcc/arm-none-eabi/7.2.1/../../../../arm-none-eabi/lib/thumb/v7-m/libg_nano.a(lib_a-isattyr.o)
 .debug_frame   0x00000000000018b0       0x2c /opt/toolchains/gcc-arm-none-eabi-7-2017-q4-major/bin/../lib/gcc/arm-none-eabi/7.2.1/../../../../arm-none-eabi/lib/thumb/v7-m/libg_nano.a(lib_a-lseekr.o)
 .debug_frame   0x00000000000018dc       0x28 /opt/toolchains/gcc-arm-none-eabi-7-2017-q4-major/bin/../lib/gcc/arm-none-eabi/7.2.1/../../../../arm-none-eabi/lib/thumb/v7-m/libg_nano.a(lib_a-memchr-stub.o)
 .debug_frame   0x0000000000001904       0x2c /opt/toolchains/gcc-arm-none-eabi-7-2017-q4-major/bin/../lib/gcc/arm-none-eabi/7.2.1/../../../../arm-none-eabi/lib/thumb/v7-m/libg_nano.a(lib_a-readr.o)

.debug_line     0x0000000000000000     0x3ece
 .debug_line    0x0000000000000000       0xb8 CMakeFiles/linux-stm32-spi-i2c.elf.dir/libs/startup/startup_stm32f10x_md.s.obj
 .debug_line    0x00000000000000b8      0x2d0 CMakeFiles/linux-stm32-spi-i2c.elf.dir/libs/StdPeriph_Driver/src/misc.c.obj
 .debug_line    0x0000000000000388      0x330 CMakeFiles/linux-stm32-spi-i2c.elf.dir/libs/StdPeriph_Driver/src/stm32f10x_exti.c.obj
 .debug_line    0x00000000000006b8      0x591 CMakeFiles/linux-stm32-spi-i2c.elf.dir/libs/StdPeriph_Driver/src/stm32f10x_flash.c.obj
 .debug_line    0x0000000000000c49      0x586 CMakeFiles/linux-stm32-spi-i2c.elf.dir/libs/StdPeriph_Driver/src/stm32f10x_rcc.c.obj
 .debug_line    0x00000000000011cf      0x48c CMakeFiles/linux-stm32-spi-i2c.elf.dir/libs/StdPeriph_Driver/src/stm32f10x_gpio.c.obj
 .debug_line    0x000000000000165b      0x3a8 CMakeFiles/linux-stm32-spi-i2c.elf.dir/libs/StdPeriph_Driver/src/stm32f10x_dma.c.obj
 .debug_line    0x0000000000001a03      0x589 CMakeFiles/linux-stm32-spi-i2c.elf.dir/libs/StdPeriph_Driver/src/stm32f10x_usart.c.obj
 .debug_line    0x0000000000001f8c      0x333 CMakeFiles/linux-stm32-spi-i2c.elf.dir/syscalls.c.obj
 .debug_line    0x00000000000022bf      0x467 CMakeFiles/linux-stm32-spi-i2c.elf.dir/main.c.obj
 .debug_line    0x0000000000002726      0x322 CMakeFiles/linux-stm32-spi-i2c.elf.dir/cortexm_delay.c.obj
 .debug_line    0x0000000000002a48      0x67c CMakeFiles/linux-stm32-spi-i2c.elf.dir/dev_spi.c.obj
 .debug_line    0x00000000000030c4      0x564 CMakeFiles/linux-stm32-spi-i2c.elf.dir/dev_uart.c.obj
 .debug_line    0x0000000000003628      0x293 CMakeFiles/linux-stm32-spi-i2c.elf.dir/overclock_stm32f103.c.obj
 .debug_line    0x00000000000038bb      0x39c CMakeFiles/linux-stm32-spi-i2c.elf.dir/stm32f10x_it.c.obj
 .debug_line    0x0000000000003c57      0x277 CMakeFiles/linux-stm32-spi-i2c.elf.dir/system_stm32f10x.c.obj

.debug_info     0x0000000000000000     0xa304
 .debug_info    0x0000000000000000       0x22 CMakeFiles/linux-stm32-spi-i2c.elf.dir/libs/startup/startup_stm32f10x_md.s.obj
 .debug_info    0x0000000000000022      0x54b CMakeFiles/linux-stm32-spi-i2c.elf.dir/libs/StdPeriph_Driver/src/misc.c.obj
 .debug_info    0x000000000000056d      0x362 CMakeFiles/linux-stm32-spi-i2c.elf.dir/libs/StdPeriph_Driver/src/stm32f10x_exti.c.obj
 .debug_info    0x00000000000008cf      0x9ed CMakeFiles/linux-stm32-spi-i2c.elf.dir/libs/StdPeriph_Driver/src/stm32f10x_flash.c.obj
 .debug_info    0x00000000000012bc      0x940 CMakeFiles/linux-stm32-spi-i2c.elf.dir/libs/StdPeriph_Driver/src/stm32f10x_rcc.c.obj
 .debug_info    0x0000000000001bfc      0x897 CMakeFiles/linux-stm32-spi-i2c.elf.dir/libs/StdPeriph_Driver/src/stm32f10x_gpio.c.obj
 .debug_info    0x0000000000002493      0x45e CMakeFiles/linux-stm32-spi-i2c.elf.dir/libs/StdPeriph_Driver/src/stm32f10x_dma.c.obj
 .debug_info    0x00000000000028f1      0xb30 CMakeFiles/linux-stm32-spi-i2c.elf.dir/libs/StdPeriph_Driver/src/stm32f10x_usart.c.obj
 .debug_info    0x0000000000003421      0xfa9 CMakeFiles/linux-stm32-spi-i2c.elf.dir/syscalls.c.obj
 .debug_info    0x00000000000043ca     0x132d CMakeFiles/linux-stm32-spi-i2c.elf.dir/main.c.obj
 .debug_info    0x00000000000056f7      0xbf6 CMakeFiles/linux-stm32-spi-i2c.elf.dir/cortexm_delay.c.obj
 .debug_info    0x00000000000062ed     0x1a63 CMakeFiles/linux-stm32-spi-i2c.elf.dir/dev_spi.c.obj
 .debug_info    0x0000000000007d50     0x13b6 CMakeFiles/linux-stm32-spi-i2c.elf.dir/dev_uart.c.obj
 .debug_info    0x0000000000009106      0x2d4 CMakeFiles/linux-stm32-spi-i2c.elf.dir/overclock_stm32f103.c.obj
 .debug_info    0x00000000000093da      0xa65 CMakeFiles/linux-stm32-spi-i2c.elf.dir/stm32f10x_it.c.obj
 .debug_info    0x0000000000009e3f      0x4c5 CMakeFiles/linux-stm32-spi-i2c.elf.dir/system_stm32f10x.c.obj

.debug_abbrev   0x0000000000000000     0x223b
 .debug_abbrev  0x0000000000000000       0x12 CMakeFiles/linux-stm32-spi-i2c.elf.dir/libs/startup/startup_stm32f10x_md.s.obj
 .debug_abbrev  0x0000000000000012      0x183 CMakeFiles/linux-stm32-spi-i2c.elf.dir/libs/StdPeriph_Driver/src/misc.c.obj
 .debug_abbrev  0x0000000000000195      0x1c5 CMakeFiles/linux-stm32-spi-i2c.elf.dir/libs/StdPeriph_Driver/src/stm32f10x_exti.c.obj
 .debug_abbrev  0x000000000000035a      0x26c CMakeFiles/linux-stm32-spi-i2c.elf.dir/libs/StdPeriph_Driver/src/stm32f10x_flash.c.obj
 .debug_abbrev  0x00000000000005c6      0x281 CMakeFiles/linux-stm32-spi-i2c.elf.dir/libs/StdPeriph_Driver/src/stm32f10x_rcc.c.obj
 .debug_abbrev  0x0000000000000847      0x217 CMakeFiles/linux-stm32-spi-i2c.elf.dir/libs/StdPeriph_Driver/src/stm32f10x_gpio.c.obj
 .debug_abbrev  0x0000000000000a5e      0x1e0 CMakeFiles/linux-stm32-spi-i2c.elf.dir/libs/StdPeriph_Driver/src/stm32f10x_dma.c.obj
 .debug_abbrev  0x0000000000000c3e      0x1f9 CMakeFiles/linux-stm32-spi-i2c.elf.dir/libs/StdPeriph_Driver/src/stm32f10x_usart.c.obj
 .debug_abbrev  0x0000000000000e37      0x2d6 CMakeFiles/linux-stm32-spi-i2c.elf.dir/syscalls.c.obj
 .debug_abbrev  0x000000000000110d      0x37a CMakeFiles/linux-stm32-spi-i2c.elf.dir/main.c.obj
 .debug_abbrev  0x0000000000001487      0x226 CMakeFiles/linux-stm32-spi-i2c.elf.dir/cortexm_delay.c.obj
 .debug_abbrev  0x00000000000016ad      0x3a6 CMakeFiles/linux-stm32-spi-i2c.elf.dir/dev_spi.c.obj
 .debug_abbrev  0x0000000000001a53      0x32b CMakeFiles/linux-stm32-spi-i2c.elf.dir/dev_uart.c.obj
 .debug_abbrev  0x0000000000001d7e       0xf0 CMakeFiles/linux-stm32-spi-i2c.elf.dir/overclock_stm32f103.c.obj
 .debug_abbrev  0x0000000000001e6e      0x23f CMakeFiles/linux-stm32-spi-i2c.elf.dir/stm32f10x_it.c.obj
 .debug_abbrev  0x00000000000020ad      0x18e CMakeFiles/linux-stm32-spi-i2c.elf.dir/system_stm32f10x.c.obj

.debug_aranges  0x0000000000000000      0x768
 .debug_aranges
                0x0000000000000000       0x28 CMakeFiles/linux-stm32-spi-i2c.elf.dir/libs/startup/startup_stm32f10x_md.s.obj
 .debug_aranges
                0x0000000000000028       0x40 CMakeFiles/linux-stm32-spi-i2c.elf.dir/libs/StdPeriph_Driver/src/misc.c.obj
 .debug_aranges
                0x0000000000000068       0x50 CMakeFiles/linux-stm32-spi-i2c.elf.dir/libs/StdPeriph_Driver/src/stm32f10x_exti.c.obj
 .debug_aranges
                0x00000000000000b8       0xd8 CMakeFiles/linux-stm32-spi-i2c.elf.dir/libs/StdPeriph_Driver/src/stm32f10x_flash.c.obj
 .debug_aranges
                0x0000000000000190      0x118 CMakeFiles/linux-stm32-spi-i2c.elf.dir/libs/StdPeriph_Driver/src/stm32f10x_rcc.c.obj
 .debug_aranges
                0x00000000000002a8       0xa8 CMakeFiles/linux-stm32-spi-i2c.elf.dir/libs/StdPeriph_Driver/src/stm32f10x_gpio.c.obj
 .debug_aranges
                0x0000000000000350       0x60 CMakeFiles/linux-stm32-spi-i2c.elf.dir/libs/StdPeriph_Driver/src/stm32f10x_dma.c.obj
 .debug_aranges
                0x00000000000003b0      0x100 CMakeFiles/linux-stm32-spi-i2c.elf.dir/libs/StdPeriph_Driver/src/stm32f10x_usart.c.obj
 .debug_aranges
                0x00000000000004b0       0xb0 CMakeFiles/linux-stm32-spi-i2c.elf.dir/syscalls.c.obj
 .debug_aranges
                0x0000000000000560       0x30 CMakeFiles/linux-stm32-spi-i2c.elf.dir/main.c.obj
 .debug_aranges
                0x0000000000000590       0x30 CMakeFiles/linux-stm32-spi-i2c.elf.dir/cortexm_delay.c.obj
 .debug_aranges
                0x00000000000005c0       0xa8 CMakeFiles/linux-stm32-spi-i2c.elf.dir/dev_spi.c.obj
 .debug_aranges
                0x0000000000000668       0x68 CMakeFiles/linux-stm32-spi-i2c.elf.dir/dev_uart.c.obj
 .debug_aranges
                0x00000000000006d0       0x20 CMakeFiles/linux-stm32-spi-i2c.elf.dir/overclock_stm32f103.c.obj
 .debug_aranges
                0x00000000000006f0       0x50 CMakeFiles/linux-stm32-spi-i2c.elf.dir/stm32f10x_it.c.obj
 .debug_aranges
                0x0000000000000740       0x28 CMakeFiles/linux-stm32-spi-i2c.elf.dir/system_stm32f10x.c.obj

.debug_str      0x0000000000000000     0x2d01
 .debug_str     0x0000000000000000       0xa8 CMakeFiles/linux-stm32-spi-i2c.elf.dir/libs/startup/startup_stm32f10x_md.s.obj
 .debug_str     0x00000000000000a8      0x3f1 CMakeFiles/linux-stm32-spi-i2c.elf.dir/libs/StdPeriph_Driver/src/misc.c.obj
                                        0x47b (size before relaxing)
 .debug_str     0x0000000000000499      0x1fd CMakeFiles/linux-stm32-spi-i2c.elf.dir/libs/StdPeriph_Driver/src/stm32f10x_exti.c.obj
                                        0x406 (size before relaxing)
 .debug_str     0x0000000000000696      0x45e CMakeFiles/linux-stm32-spi-i2c.elf.dir/libs/StdPeriph_Driver/src/stm32f10x_flash.c.obj
                                        0x6a5 (size before relaxing)
 .debug_str     0x0000000000000af4      0x46e CMakeFiles/linux-stm32-spi-i2c.elf.dir/libs/StdPeriph_Driver/src/stm32f10x_rcc.c.obj
                                        0x6d7 (size before relaxing)
 .debug_str     0x0000000000000f62      0x39d CMakeFiles/linux-stm32-spi-i2c.elf.dir/libs/StdPeriph_Driver/src/stm32f10x_gpio.c.obj
                                        0x5ed (size before relaxing)
 .debug_str     0x00000000000012ff      0x23d CMakeFiles/linux-stm32-spi-i2c.elf.dir/libs/StdPeriph_Driver/src/stm32f10x_dma.c.obj
                                        0x474 (size before relaxing)
 .debug_str     0x000000000000153c      0x464 CMakeFiles/linux-stm32-spi-i2c.elf.dir/libs/StdPeriph_Driver/src/stm32f10x_usart.c.obj
                                        0x78d (size before relaxing)
 .debug_str     0x00000000000019a0      0x637 CMakeFiles/linux-stm32-spi-i2c.elf.dir/syscalls.c.obj
                                        0x89b (size before relaxing)
 .debug_str     0x0000000000001fd7      0x54d CMakeFiles/linux-stm32-spi-i2c.elf.dir/main.c.obj
                                        0xdab (size before relaxing)
 .debug_str     0x0000000000002524      0x130 CMakeFiles/linux-stm32-spi-i2c.elf.dir/cortexm_delay.c.obj
                                        0x814 (size before relaxing)
 .debug_str     0x0000000000002654      0x3d9 CMakeFiles/linux-stm32-spi-i2c.elf.dir/dev_spi.c.obj
                                       0x1094 (size before relaxing)
 .debug_str     0x0000000000002a2d      0x103 CMakeFiles/linux-stm32-spi-i2c.elf.dir/dev_uart.c.obj
                                        0xe66 (size before relaxing)
 .debug_str     0x0000000000002b30       0x5f CMakeFiles/linux-stm32-spi-i2c.elf.dir/overclock_stm32f103.c.obj
                                        0x35b (size before relaxing)
 .debug_str     0x0000000000002b8f       0xea CMakeFiles/linux-stm32-spi-i2c.elf.dir/stm32f10x_it.c.obj
                                        0x7bc (size before relaxing)
 .debug_str     0x0000000000002c79       0x88 CMakeFiles/linux-stm32-spi-i2c.elf.dir/system_stm32f10x.c.obj
                                        0x383 (size before relaxing)

.debug_ranges   0x0000000000000000      0x8c0
 .debug_ranges  0x0000000000000000       0x20 CMakeFiles/linux-stm32-spi-i2c.elf.dir/libs/startup/startup_stm32f10x_md.s.obj
 .debug_ranges  0x0000000000000020       0x30 CMakeFiles/linux-stm32-spi-i2c.elf.dir/libs/StdPeriph_Driver/src/misc.c.obj
 .debug_ranges  0x0000000000000050       0x40 CMakeFiles/linux-stm32-spi-i2c.elf.dir/libs/StdPeriph_Driver/src/stm32f10x_exti.c.obj
 .debug_ranges  0x0000000000000090       0xe0 CMakeFiles/linux-stm32-spi-i2c.elf.dir/libs/StdPeriph_Driver/src/stm32f10x_flash.c.obj
 .debug_ranges  0x0000000000000170      0x128 CMakeFiles/linux-stm32-spi-i2c.elf.dir/libs/StdPeriph_Driver/src/stm32f10x_rcc.c.obj
 .debug_ranges  0x0000000000000298       0x98 CMakeFiles/linux-stm32-spi-i2c.elf.dir/libs/StdPeriph_Driver/src/stm32f10x_gpio.c.obj
 .debug_ranges  0x0000000000000330       0x50 CMakeFiles/linux-stm32-spi-i2c.elf.dir/libs/StdPeriph_Driver/src/stm32f10x_dma.c.obj
 .debug_ranges  0x0000000000000380       0xf0 CMakeFiles/linux-stm32-spi-i2c.elf.dir/libs/StdPeriph_Driver/src/stm32f10x_usart.c.obj
 .debug_ranges  0x0000000000000470       0xa0 CMakeFiles/linux-stm32-spi-i2c.elf.dir/syscalls.c.obj
 .debug_ranges  0x0000000000000510       0x80 CMakeFiles/linux-stm32-spi-i2c.elf.dir/main.c.obj
 .debug_ranges  0x0000000000000590       0x80 CMakeFiles/linux-stm32-spi-i2c.elf.dir/cortexm_delay.c.obj
 .debug_ranges  0x0000000000000610      0x1b0 CMakeFiles/linux-stm32-spi-i2c.elf.dir/dev_spi.c.obj
 .debug_ranges  0x00000000000007c0       0x70 CMakeFiles/linux-stm32-spi-i2c.elf.dir/dev_uart.c.obj
 .debug_ranges  0x0000000000000830       0x10 CMakeFiles/linux-stm32-spi-i2c.elf.dir/overclock_stm32f103.c.obj
 .debug_ranges  0x0000000000000840       0x40 CMakeFiles/linux-stm32-spi-i2c.elf.dir/stm32f10x_it.c.obj
 .debug_ranges  0x0000000000000880       0x40 CMakeFiles/linux-stm32-spi-i2c.elf.dir/system_stm32f10x.c.obj

.debug_loc      0x0000000000000000     0x30cb
 .debug_loc     0x0000000000000000      0x16b CMakeFiles/linux-stm32-spi-i2c.elf.dir/libs/StdPeriph_Driver/src/misc.c.obj
 .debug_loc     0x000000000000016b      0x1f8 CMakeFiles/linux-stm32-spi-i2c.elf.dir/libs/StdPeriph_Driver/src/stm32f10x_exti.c.obj
 .debug_loc     0x0000000000000363      0x80e CMakeFiles/linux-stm32-spi-i2c.elf.dir/libs/StdPeriph_Driver/src/stm32f10x_flash.c.obj
 .debug_loc     0x0000000000000b71      0x6c6 CMakeFiles/linux-stm32-spi-i2c.elf.dir/libs/StdPeriph_Driver/src/stm32f10x_rcc.c.obj
 .debug_loc     0x0000000000001237      0x5dc CMakeFiles/linux-stm32-spi-i2c.elf.dir/libs/StdPeriph_Driver/src/stm32f10x_gpio.c.obj
 .debug_loc     0x0000000000001813      0x12a CMakeFiles/linux-stm32-spi-i2c.elf.dir/libs/StdPeriph_Driver/src/stm32f10x_dma.c.obj
 .debug_loc     0x000000000000193d      0x800 CMakeFiles/linux-stm32-spi-i2c.elf.dir/libs/StdPeriph_Driver/src/stm32f10x_usart.c.obj
 .debug_loc     0x000000000000213d      0x3b7 CMakeFiles/linux-stm32-spi-i2c.elf.dir/syscalls.c.obj
 .debug_loc     0x00000000000024f4       0xde CMakeFiles/linux-stm32-spi-i2c.elf.dir/main.c.obj
 .debug_loc     0x00000000000025d2       0x72 CMakeFiles/linux-stm32-spi-i2c.elf.dir/cortexm_delay.c.obj
 .debug_loc     0x0000000000002644      0x716 CMakeFiles/linux-stm32-spi-i2c.elf.dir/dev_spi.c.obj
 .debug_loc     0x0000000000002d5a      0x297 CMakeFiles/linux-stm32-spi-i2c.elf.dir/dev_uart.c.obj
 .debug_loc     0x0000000000002ff1       0x1e CMakeFiles/linux-stm32-spi-i2c.elf.dir/overclock_stm32f103.c.obj
 .debug_loc     0x000000000000300f       0xbc CMakeFiles/linux-stm32-spi-i2c.elf.dir/system_stm32f10x.c.obj

.comment        0x0000000000000000       0x7e
 .comment       0x0000000000000000       0x7e CMakeFiles/linux-stm32-spi-i2c.elf.dir/libs/StdPeriph_Driver/src/misc.c.obj
                                         0x7f (size before relaxing)
 .comment       0x000000000000007e       0x7f CMakeFiles/linux-stm32-spi-i2c.elf.dir/libs/StdPeriph_Driver/src/stm32f10x_exti.c.obj
 .comment       0x000000000000007e       0x7f CMakeFiles/linux-stm32-spi-i2c.elf.dir/libs/StdPeriph_Driver/src/stm32f10x_flash.c.obj
 .comment       0x000000000000007e       0x7f CMakeFiles/linux-stm32-spi-i2c.elf.dir/libs/StdPeriph_Driver/src/stm32f10x_rcc.c.obj
 .comment       0x000000000000007e       0x7f CMakeFiles/linux-stm32-spi-i2c.elf.dir/libs/StdPeriph_Driver/src/stm32f10x_gpio.c.obj
 .comment       0x000000000000007e       0x7f CMakeFiles/linux-stm32-spi-i2c.elf.dir/libs/StdPeriph_Driver/src/stm32f10x_dma.c.obj
 .comment       0x000000000000007e       0x7f CMakeFiles/linux-stm32-spi-i2c.elf.dir/libs/StdPeriph_Driver/src/stm32f10x_usart.c.obj
 .comment       0x000000000000007e       0x7f CMakeFiles/linux-stm32-spi-i2c.elf.dir/syscalls.c.obj
 .comment       0x000000000000007e       0x7f CMakeFiles/linux-stm32-spi-i2c.elf.dir/main.c.obj
 .comment       0x000000000000007e       0x7f CMakeFiles/linux-stm32-spi-i2c.elf.dir/cortexm_delay.c.obj
 .comment       0x000000000000007e       0x7f CMakeFiles/linux-stm32-spi-i2c.elf.dir/dev_spi.c.obj
 .comment       0x000000000000007e       0x7f CMakeFiles/linux-stm32-spi-i2c.elf.dir/dev_uart.c.obj
 .comment       0x000000000000007e       0x7f CMakeFiles/linux-stm32-spi-i2c.elf.dir/overclock_stm32f103.c.obj
 .comment       0x000000000000007e       0x7f CMakeFiles/linux-stm32-spi-i2c.elf.dir/stm32f10x_it.c.obj
 .comment       0x000000000000007e       0x7f CMakeFiles/linux-stm32-spi-i2c.elf.dir/system_stm32f10x.c.obj

Cross Reference Table

Symbol                                            File
ADC1_2_IRQHandler                                 CMakeFiles/linux-stm32-spi-i2c.elf.dir/libs/startup/startup_stm32f10x_md.s.obj
AHBPrescTable                                     CMakeFiles/linux-stm32-spi-i2c.elf.dir/system_stm32f10x.c.obj
BusFault_Handler                                  CMakeFiles/linux-stm32-spi-i2c.elf.dir/stm32f10x_it.c.obj
                                                  CMakeFiles/linux-stm32-spi-i2c.elf.dir/libs/startup/startup_stm32f10x_md.s.obj
CAN1_RX1_IRQHandler                               CMakeFiles/linux-stm32-spi-i2c.elf.dir/libs/startup/startup_stm32f10x_md.s.obj
CAN1_SCE_IRQHandler                               CMakeFiles/linux-stm32-spi-i2c.elf.dir/libs/startup/startup_stm32f10x_md.s.obj
DMA1_Channel1_IRQHandler                          CMakeFiles/linux-stm32-spi-i2c.elf.dir/libs/startup/startup_stm32f10x_md.s.obj
DMA1_Channel2_IRQHandler                          CMakeFiles/linux-stm32-spi-i2c.elf.dir/dev_spi.c.obj
                                                  CMakeFiles/linux-stm32-spi-i2c.elf.dir/libs/startup/startup_stm32f10x_md.s.obj
DMA1_Channel3_IRQHandler                          CMakeFiles/linux-stm32-spi-i2c.elf.dir/dev_spi.c.obj
                                                  CMakeFiles/linux-stm32-spi-i2c.elf.dir/libs/startup/startup_stm32f10x_md.s.obj
DMA1_Channel4_IRQHandler                          CMakeFiles/linux-stm32-spi-i2c.elf.dir/dev_spi.c.obj
                                                  CMakeFiles/linux-stm32-spi-i2c.elf.dir/libs/startup/startup_stm32f10x_md.s.obj
DMA1_Channel5_IRQHandler                          CMakeFiles/linux-stm32-spi-i2c.elf.dir/dev_spi.c.obj
                                                  CMakeFiles/linux-stm32-spi-i2c.elf.dir/libs/startup/startup_stm32f10x_md.s.obj
DMA1_Channel6_IRQHandler                          CMakeFiles/linux-stm32-spi-i2c.elf.dir/libs/startup/startup_stm32f10x_md.s.obj
DMA1_Channel7_IRQHandler                          CMakeFiles/linux-stm32-spi-i2c.elf.dir/libs/startup/startup_stm32f10x_md.s.obj
DMA_ClearFlag                                     CMakeFiles/linux-stm32-spi-i2c.elf.dir/libs/StdPeriph_Driver/src/stm32f10x_dma.c.obj
DMA_ClearITPendingBit                             CMakeFiles/linux-stm32-spi-i2c.elf.dir/libs/StdPeriph_Driver/src/stm32f10x_dma.c.obj
                                                  CMakeFiles/linux-stm32-spi-i2c.elf.dir/dev_spi.c.obj
DMA_Cmd                                           CMakeFiles/linux-stm32-spi-i2c.elf.dir/libs/StdPeriph_Driver/src/stm32f10x_dma.c.obj
                                                  CMakeFiles/linux-stm32-spi-i2c.elf.dir/dev_spi.c.obj
DMA_DeInit                                        CMakeFiles/linux-stm32-spi-i2c.elf.dir/libs/StdPeriph_Driver/src/stm32f10x_dma.c.obj
                                                  CMakeFiles/linux-stm32-spi-i2c.elf.dir/dev_spi.c.obj
DMA_GetCurrDataCounter                            CMakeFiles/linux-stm32-spi-i2c.elf.dir/libs/StdPeriph_Driver/src/stm32f10x_dma.c.obj
DMA_GetFlagStatus                                 CMakeFiles/linux-stm32-spi-i2c.elf.dir/libs/StdPeriph_Driver/src/stm32f10x_dma.c.obj
DMA_GetITStatus                                   CMakeFiles/linux-stm32-spi-i2c.elf.dir/libs/StdPeriph_Driver/src/stm32f10x_dma.c.obj
                                                  CMakeFiles/linux-stm32-spi-i2c.elf.dir/dev_spi.c.obj
DMA_ITConfig                                      CMakeFiles/linux-stm32-spi-i2c.elf.dir/libs/StdPeriph_Driver/src/stm32f10x_dma.c.obj
                                                  CMakeFiles/linux-stm32-spi-i2c.elf.dir/dev_spi.c.obj
DMA_Init                                          CMakeFiles/linux-stm32-spi-i2c.elf.dir/libs/StdPeriph_Driver/src/stm32f10x_dma.c.obj
                                                  CMakeFiles/linux-stm32-spi-i2c.elf.dir/dev_spi.c.obj
DMA_SetCurrDataCounter                            CMakeFiles/linux-stm32-spi-i2c.elf.dir/libs/StdPeriph_Driver/src/stm32f10x_dma.c.obj
DMA_StructInit                                    CMakeFiles/linux-stm32-spi-i2c.elf.dir/libs/StdPeriph_Driver/src/stm32f10x_dma.c.obj
                                                  CMakeFiles/linux-stm32-spi-i2c.elf.dir/dev_spi.c.obj
DebugMon_Handler                                  CMakeFiles/linux-stm32-spi-i2c.elf.dir/stm32f10x_it.c.obj
                                                  CMakeFiles/linux-stm32-spi-i2c.elf.dir/libs/startup/startup_stm32f10x_md.s.obj
Default_Handler                                   CMakeFiles/linux-stm32-spi-i2c.elf.dir/libs/startup/startup_stm32f10x_md.s.obj
EXTI0_IRQHandler                                  CMakeFiles/linux-stm32-spi-i2c.elf.dir/libs/startup/startup_stm32f10x_md.s.obj
EXTI15_10_IRQHandler                              CMakeFiles/linux-stm32-spi-i2c.elf.dir/libs/startup/startup_stm32f10x_md.s.obj
EXTI1_IRQHandler                                  CMakeFiles/linux-stm32-spi-i2c.elf.dir/libs/startup/startup_stm32f10x_md.s.obj
EXTI2_IRQHandler                                  CMakeFiles/linux-stm32-spi-i2c.elf.dir/libs/startup/startup_stm32f10x_md.s.obj
EXTI3_IRQHandler                                  CMakeFiles/linux-stm32-spi-i2c.elf.dir/libs/startup/startup_stm32f10x_md.s.obj
EXTI4_IRQHandler                                  CMakeFiles/linux-stm32-spi-i2c.elf.dir/libs/startup/startup_stm32f10x_md.s.obj
EXTI9_5_IRQHandler                                CMakeFiles/linux-stm32-spi-i2c.elf.dir/stm32f10x_it.c.obj
                                                  CMakeFiles/linux-stm32-spi-i2c.elf.dir/libs/startup/startup_stm32f10x_md.s.obj
EXTI_ClearFlag                                    CMakeFiles/linux-stm32-spi-i2c.elf.dir/libs/StdPeriph_Driver/src/stm32f10x_exti.c.obj
EXTI_ClearITPendingBit                            CMakeFiles/linux-stm32-spi-i2c.elf.dir/libs/StdPeriph_Driver/src/stm32f10x_exti.c.obj
                                                  CMakeFiles/linux-stm32-spi-i2c.elf.dir/stm32f10x_it.c.obj
EXTI_DeInit                                       CMakeFiles/linux-stm32-spi-i2c.elf.dir/libs/StdPeriph_Driver/src/stm32f10x_exti.c.obj
EXTI_GenerateSWInterrupt                          CMakeFiles/linux-stm32-spi-i2c.elf.dir/libs/StdPeriph_Driver/src/stm32f10x_exti.c.obj
EXTI_GetFlagStatus                                CMakeFiles/linux-stm32-spi-i2c.elf.dir/libs/StdPeriph_Driver/src/stm32f10x_exti.c.obj
EXTI_GetITStatus                                  CMakeFiles/linux-stm32-spi-i2c.elf.dir/libs/StdPeriph_Driver/src/stm32f10x_exti.c.obj
                                                  CMakeFiles/linux-stm32-spi-i2c.elf.dir/stm32f10x_it.c.obj
EXTI_Init                                         CMakeFiles/linux-stm32-spi-i2c.elf.dir/libs/StdPeriph_Driver/src/stm32f10x_exti.c.obj
EXTI_StructInit                                   CMakeFiles/linux-stm32-spi-i2c.elf.dir/libs/StdPeriph_Driver/src/stm32f10x_exti.c.obj
FLASH_ClearFlag                                   CMakeFiles/linux-stm32-spi-i2c.elf.dir/libs/StdPeriph_Driver/src/stm32f10x_flash.c.obj
FLASH_EnableWriteProtection                       CMakeFiles/linux-stm32-spi-i2c.elf.dir/libs/StdPeriph_Driver/src/stm32f10x_flash.c.obj
FLASH_EraseAllBank1Pages                          CMakeFiles/linux-stm32-spi-i2c.elf.dir/libs/StdPeriph_Driver/src/stm32f10x_flash.c.obj
FLASH_EraseAllPages                               CMakeFiles/linux-stm32-spi-i2c.elf.dir/libs/StdPeriph_Driver/src/stm32f10x_flash.c.obj
FLASH_EraseOptionBytes                            CMakeFiles/linux-stm32-spi-i2c.elf.dir/libs/StdPeriph_Driver/src/stm32f10x_flash.c.obj
FLASH_ErasePage                                   CMakeFiles/linux-stm32-spi-i2c.elf.dir/libs/StdPeriph_Driver/src/stm32f10x_flash.c.obj
FLASH_GetBank1Status                              CMakeFiles/linux-stm32-spi-i2c.elf.dir/libs/StdPeriph_Driver/src/stm32f10x_flash.c.obj
FLASH_GetFlagStatus                               CMakeFiles/linux-stm32-spi-i2c.elf.dir/libs/StdPeriph_Driver/src/stm32f10x_flash.c.obj
FLASH_GetPrefetchBufferStatus                     CMakeFiles/linux-stm32-spi-i2c.elf.dir/libs/StdPeriph_Driver/src/stm32f10x_flash.c.obj
FLASH_GetReadOutProtectionStatus                  CMakeFiles/linux-stm32-spi-i2c.elf.dir/libs/StdPeriph_Driver/src/stm32f10x_flash.c.obj
FLASH_GetStatus                                   CMakeFiles/linux-stm32-spi-i2c.elf.dir/libs/StdPeriph_Driver/src/stm32f10x_flash.c.obj
FLASH_GetUserOptionByte                           CMakeFiles/linux-stm32-spi-i2c.elf.dir/libs/StdPeriph_Driver/src/stm32f10x_flash.c.obj
FLASH_GetWriteProtectionOptionByte                CMakeFiles/linux-stm32-spi-i2c.elf.dir/libs/StdPeriph_Driver/src/stm32f10x_flash.c.obj
FLASH_HalfCycleAccessCmd                          CMakeFiles/linux-stm32-spi-i2c.elf.dir/libs/StdPeriph_Driver/src/stm32f10x_flash.c.obj
FLASH_IRQHandler                                  CMakeFiles/linux-stm32-spi-i2c.elf.dir/libs/startup/startup_stm32f10x_md.s.obj
FLASH_ITConfig                                    CMakeFiles/linux-stm32-spi-i2c.elf.dir/libs/StdPeriph_Driver/src/stm32f10x_flash.c.obj
FLASH_Lock                                        CMakeFiles/linux-stm32-spi-i2c.elf.dir/libs/StdPeriph_Driver/src/stm32f10x_flash.c.obj
FLASH_LockBank1                                   CMakeFiles/linux-stm32-spi-i2c.elf.dir/libs/StdPeriph_Driver/src/stm32f10x_flash.c.obj
FLASH_PrefetchBufferCmd                           CMakeFiles/linux-stm32-spi-i2c.elf.dir/libs/StdPeriph_Driver/src/stm32f10x_flash.c.obj
                                                  CMakeFiles/linux-stm32-spi-i2c.elf.dir/overclock_stm32f103.c.obj
FLASH_ProgramHalfWord                             CMakeFiles/linux-stm32-spi-i2c.elf.dir/libs/StdPeriph_Driver/src/stm32f10x_flash.c.obj
FLASH_ProgramOptionByteData                       CMakeFiles/linux-stm32-spi-i2c.elf.dir/libs/StdPeriph_Driver/src/stm32f10x_flash.c.obj
FLASH_ProgramWord                                 CMakeFiles/linux-stm32-spi-i2c.elf.dir/libs/StdPeriph_Driver/src/stm32f10x_flash.c.obj
FLASH_ReadOutProtection                           CMakeFiles/linux-stm32-spi-i2c.elf.dir/libs/StdPeriph_Driver/src/stm32f10x_flash.c.obj
FLASH_SetLatency                                  CMakeFiles/linux-stm32-spi-i2c.elf.dir/libs/StdPeriph_Driver/src/stm32f10x_flash.c.obj
                                                  CMakeFiles/linux-stm32-spi-i2c.elf.dir/overclock_stm32f103.c.obj
FLASH_Unlock                                      CMakeFiles/linux-stm32-spi-i2c.elf.dir/libs/StdPeriph_Driver/src/stm32f10x_flash.c.obj
FLASH_UnlockBank1                                 CMakeFiles/linux-stm32-spi-i2c.elf.dir/libs/StdPeriph_Driver/src/stm32f10x_flash.c.obj
FLASH_UserOptionByteConfig                        CMakeFiles/linux-stm32-spi-i2c.elf.dir/libs/StdPeriph_Driver/src/stm32f10x_flash.c.obj
FLASH_WaitForLastBank1Operation                   CMakeFiles/linux-stm32-spi-i2c.elf.dir/libs/StdPeriph_Driver/src/stm32f10x_flash.c.obj
FLASH_WaitForLastOperation                        CMakeFiles/linux-stm32-spi-i2c.elf.dir/libs/StdPeriph_Driver/src/stm32f10x_flash.c.obj
GPIO_AFIODeInit                                   CMakeFiles/linux-stm32-spi-i2c.elf.dir/libs/StdPeriph_Driver/src/stm32f10x_gpio.c.obj
GPIO_DeInit                                       CMakeFiles/linux-stm32-spi-i2c.elf.dir/libs/StdPeriph_Driver/src/stm32f10x_gpio.c.obj
GPIO_ETH_MediaInterfaceConfig                     CMakeFiles/linux-stm32-spi-i2c.elf.dir/libs/StdPeriph_Driver/src/stm32f10x_gpio.c.obj
GPIO_EXTILineConfig                               CMakeFiles/linux-stm32-spi-i2c.elf.dir/libs/StdPeriph_Driver/src/stm32f10x_gpio.c.obj
GPIO_EventOutputCmd                               CMakeFiles/linux-stm32-spi-i2c.elf.dir/libs/StdPeriph_Driver/src/stm32f10x_gpio.c.obj
GPIO_EventOutputConfig                            CMakeFiles/linux-stm32-spi-i2c.elf.dir/libs/StdPeriph_Driver/src/stm32f10x_gpio.c.obj
GPIO_Init                                         CMakeFiles/linux-stm32-spi-i2c.elf.dir/libs/StdPeriph_Driver/src/stm32f10x_gpio.c.obj
                                                  CMakeFiles/linux-stm32-spi-i2c.elf.dir/dev_uart.c.obj
                                                  CMakeFiles/linux-stm32-spi-i2c.elf.dir/dev_spi.c.obj
GPIO_PinLockConfig                                CMakeFiles/linux-stm32-spi-i2c.elf.dir/libs/StdPeriph_Driver/src/stm32f10x_gpio.c.obj
GPIO_PinRemapConfig                               CMakeFiles/linux-stm32-spi-i2c.elf.dir/libs/StdPeriph_Driver/src/stm32f10x_gpio.c.obj
GPIO_ReadInputData                                CMakeFiles/linux-stm32-spi-i2c.elf.dir/libs/StdPeriph_Driver/src/stm32f10x_gpio.c.obj
GPIO_ReadInputDataBit                             CMakeFiles/linux-stm32-spi-i2c.elf.dir/libs/StdPeriph_Driver/src/stm32f10x_gpio.c.obj
GPIO_ReadOutputData                               CMakeFiles/linux-stm32-spi-i2c.elf.dir/libs/StdPeriph_Driver/src/stm32f10x_gpio.c.obj
GPIO_ReadOutputDataBit                            CMakeFiles/linux-stm32-spi-i2c.elf.dir/libs/StdPeriph_Driver/src/stm32f10x_gpio.c.obj
GPIO_ResetBits                                    CMakeFiles/linux-stm32-spi-i2c.elf.dir/libs/StdPeriph_Driver/src/stm32f10x_gpio.c.obj
GPIO_SetBits                                      CMakeFiles/linux-stm32-spi-i2c.elf.dir/libs/StdPeriph_Driver/src/stm32f10x_gpio.c.obj
GPIO_StructInit                                   CMakeFiles/linux-stm32-spi-i2c.elf.dir/libs/StdPeriph_Driver/src/stm32f10x_gpio.c.obj
GPIO_Write                                        CMakeFiles/linux-stm32-spi-i2c.elf.dir/libs/StdPeriph_Driver/src/stm32f10x_gpio.c.obj
GPIO_WriteBit                                     CMakeFiles/linux-stm32-spi-i2c.elf.dir/libs/StdPeriph_Driver/src/stm32f10x_gpio.c.obj
HardFault_Handler                                 CMakeFiles/linux-stm32-spi-i2c.elf.dir/stm32f10x_it.c.obj
                                                  CMakeFiles/linux-stm32-spi-i2c.elf.dir/libs/startup/startup_stm32f10x_md.s.obj
I2C1_ER_IRQHandler                                CMakeFiles/linux-stm32-spi-i2c.elf.dir/libs/startup/startup_stm32f10x_md.s.obj
I2C1_EV_IRQHandler                                CMakeFiles/linux-stm32-spi-i2c.elf.dir/libs/startup/startup_stm32f10x_md.s.obj
I2C2_ER_IRQHandler                                CMakeFiles/linux-stm32-spi-i2c.elf.dir/libs/startup/startup_stm32f10x_md.s.obj
I2C2_EV_IRQHandler                                CMakeFiles/linux-stm32-spi-i2c.elf.dir/libs/startup/startup_stm32f10x_md.s.obj
I2C_ARPCmd                                        CMakeFiles/linux-stm32-spi-i2c.elf.dir/libs/StdPeriph_Driver/src/stm32f10x_i2c.c.obj
I2C_AcknowledgeConfig                             CMakeFiles/linux-stm32-spi-i2c.elf.dir/libs/StdPeriph_Driver/src/stm32f10x_i2c.c.obj
I2C_CalculatePEC                                  CMakeFiles/linux-stm32-spi-i2c.elf.dir/libs/StdPeriph_Driver/src/stm32f10x_i2c.c.obj
I2C_CheckEvent                                    CMakeFiles/linux-stm32-spi-i2c.elf.dir/libs/StdPeriph_Driver/src/stm32f10x_i2c.c.obj
I2C_ClearFlag                                     CMakeFiles/linux-stm32-spi-i2c.elf.dir/libs/StdPeriph_Driver/src/stm32f10x_i2c.c.obj
I2C_ClearITPendingBit                             CMakeFiles/linux-stm32-spi-i2c.elf.dir/libs/StdPeriph_Driver/src/stm32f10x_i2c.c.obj
I2C_Cmd                                           CMakeFiles/linux-stm32-spi-i2c.elf.dir/libs/StdPeriph_Driver/src/stm32f10x_i2c.c.obj
I2C_DMACmd                                        CMakeFiles/linux-stm32-spi-i2c.elf.dir/libs/StdPeriph_Driver/src/stm32f10x_i2c.c.obj
I2C_DMALastTransferCmd                            CMakeFiles/linux-stm32-spi-i2c.elf.dir/libs/StdPeriph_Driver/src/stm32f10x_i2c.c.obj
I2C_DeInit                                        CMakeFiles/linux-stm32-spi-i2c.elf.dir/libs/StdPeriph_Driver/src/stm32f10x_i2c.c.obj
I2C_DualAddressCmd                                CMakeFiles/linux-stm32-spi-i2c.elf.dir/libs/StdPeriph_Driver/src/stm32f10x_i2c.c.obj
I2C_FastModeDutyCycleConfig                       CMakeFiles/linux-stm32-spi-i2c.elf.dir/libs/StdPeriph_Driver/src/stm32f10x_i2c.c.obj
I2C_GeneralCallCmd                                CMakeFiles/linux-stm32-spi-i2c.elf.dir/libs/StdPeriph_Driver/src/stm32f10x_i2c.c.obj
I2C_GenerateSTART                                 CMakeFiles/linux-stm32-spi-i2c.elf.dir/libs/StdPeriph_Driver/src/stm32f10x_i2c.c.obj
I2C_GenerateSTOP                                  CMakeFiles/linux-stm32-spi-i2c.elf.dir/libs/StdPeriph_Driver/src/stm32f10x_i2c.c.obj
I2C_GetFlagStatus                                 CMakeFiles/linux-stm32-spi-i2c.elf.dir/libs/StdPeriph_Driver/src/stm32f10x_i2c.c.obj
I2C_GetITStatus                                   CMakeFiles/linux-stm32-spi-i2c.elf.dir/libs/StdPeriph_Driver/src/stm32f10x_i2c.c.obj
I2C_GetLastEvent                                  CMakeFiles/linux-stm32-spi-i2c.elf.dir/libs/StdPeriph_Driver/src/stm32f10x_i2c.c.obj
I2C_GetPEC                                        CMakeFiles/linux-stm32-spi-i2c.elf.dir/libs/StdPeriph_Driver/src/stm32f10x_i2c.c.obj
I2C_ITConfig                                      CMakeFiles/linux-stm32-spi-i2c.elf.dir/libs/StdPeriph_Driver/src/stm32f10x_i2c.c.obj
I2C_Init                                          CMakeFiles/linux-stm32-spi-i2c.elf.dir/libs/StdPeriph_Driver/src/stm32f10x_i2c.c.obj
I2C_NACKPositionConfig                            CMakeFiles/linux-stm32-spi-i2c.elf.dir/libs/StdPeriph_Driver/src/stm32f10x_i2c.c.obj
I2C_OwnAddress2Config                             CMakeFiles/linux-stm32-spi-i2c.elf.dir/libs/StdPeriph_Driver/src/stm32f10x_i2c.c.obj
I2C_PECPositionConfig                             CMakeFiles/linux-stm32-spi-i2c.elf.dir/libs/StdPeriph_Driver/src/stm32f10x_i2c.c.obj
I2C_ReadRegister                                  CMakeFiles/linux-stm32-spi-i2c.elf.dir/libs/StdPeriph_Driver/src/stm32f10x_i2c.c.obj
I2C_ReceiveData                                   CMakeFiles/linux-stm32-spi-i2c.elf.dir/libs/StdPeriph_Driver/src/stm32f10x_i2c.c.obj
I2C_SMBusAlertConfig                              CMakeFiles/linux-stm32-spi-i2c.elf.dir/libs/StdPeriph_Driver/src/stm32f10x_i2c.c.obj
I2C_Send7bitAddress                               CMakeFiles/linux-stm32-spi-i2c.elf.dir/libs/StdPeriph_Driver/src/stm32f10x_i2c.c.obj
I2C_SendData                                      CMakeFiles/linux-stm32-spi-i2c.elf.dir/libs/StdPeriph_Driver/src/stm32f10x_i2c.c.obj
I2C_SoftwareResetCmd                              CMakeFiles/linux-stm32-spi-i2c.elf.dir/libs/StdPeriph_Driver/src/stm32f10x_i2c.c.obj
I2C_StretchClockCmd                               CMakeFiles/linux-stm32-spi-i2c.elf.dir/libs/StdPeriph_Driver/src/stm32f10x_i2c.c.obj
I2C_StructInit                                    CMakeFiles/linux-stm32-spi-i2c.elf.dir/libs/StdPeriph_Driver/src/stm32f10x_i2c.c.obj
I2C_TransmitPEC                                   CMakeFiles/linux-stm32-spi-i2c.elf.dir/libs/StdPeriph_Driver/src/stm32f10x_i2c.c.obj
I2S_Cmd                                           CMakeFiles/linux-stm32-spi-i2c.elf.dir/libs/StdPeriph_Driver/src/stm32f10x_spi.c.obj
I2S_Init                                          CMakeFiles/linux-stm32-spi-i2c.elf.dir/libs/StdPeriph_Driver/src/stm32f10x_spi.c.obj
I2S_StructInit                                    CMakeFiles/linux-stm32-spi-i2c.elf.dir/libs/StdPeriph_Driver/src/stm32f10x_spi.c.obj
MemManage_Handler                                 CMakeFiles/linux-stm32-spi-i2c.elf.dir/stm32f10x_it.c.obj
                                                  CMakeFiles/linux-stm32-spi-i2c.elf.dir/libs/startup/startup_stm32f10x_md.s.obj
NMI_Handler                                       CMakeFiles/linux-stm32-spi-i2c.elf.dir/stm32f10x_it.c.obj
                                                  CMakeFiles/linux-stm32-spi-i2c.elf.dir/libs/startup/startup_stm32f10x_md.s.obj
NVIC_Init                                         CMakeFiles/linux-stm32-spi-i2c.elf.dir/libs/StdPeriph_Driver/src/misc.c.obj
                                                  CMakeFiles/linux-stm32-spi-i2c.elf.dir/dev_uart.c.obj
NVIC_PriorityGroupConfig                          CMakeFiles/linux-stm32-spi-i2c.elf.dir/libs/StdPeriph_Driver/src/misc.c.obj
                                                  CMakeFiles/linux-stm32-spi-i2c.elf.dir/dev_uart.c.obj
NVIC_SetVectorTable                               CMakeFiles/linux-stm32-spi-i2c.elf.dir/libs/StdPeriph_Driver/src/misc.c.obj
NVIC_SystemLPConfig                               CMakeFiles/linux-stm32-spi-i2c.elf.dir/libs/StdPeriph_Driver/src/misc.c.obj
PVD_IRQHandler                                    CMakeFiles/linux-stm32-spi-i2c.elf.dir/libs/startup/startup_stm32f10x_md.s.obj
PendSV_Handler                                    CMakeFiles/linux-stm32-spi-i2c.elf.dir/stm32f10x_it.c.obj
                                                  CMakeFiles/linux-stm32-spi-i2c.elf.dir/libs/startup/startup_stm32f10x_md.s.obj
RCC_ADCCLKConfig                                  CMakeFiles/linux-stm32-spi-i2c.elf.dir/libs/StdPeriph_Driver/src/stm32f10x_rcc.c.obj
RCC_AHBPeriphClockCmd                             CMakeFiles/linux-stm32-spi-i2c.elf.dir/libs/StdPeriph_Driver/src/stm32f10x_rcc.c.obj
                                                  CMakeFiles/linux-stm32-spi-i2c.elf.dir/dev_spi.c.obj
RCC_APB1PeriphClockCmd                            CMakeFiles/linux-stm32-spi-i2c.elf.dir/libs/StdPeriph_Driver/src/stm32f10x_rcc.c.obj